[2026-10-06 15:56:25.660976] [information] Gwd-7136-1: Ultra Messaging Gateway version 6.17
[2026-10-06 15:56:25.661006] [information] Gwd-7136-2: UMP 6.17 [UMP-6.17] [64-bit] Build: Jan 17 2025, 15:08:54 ( DEBUG license LBT-RM LBT-RU LBT-IPC LBT-SMX ) WC[PCRE 7.4 2007-09-21, regex, appcb] HRT[gettimeofday()]
[2026-10-06 15:56:25.661011] [information] Gwd-10761-01: (C) Copyright 2004,2025 Informatica Inc.
	This software and documentation are provided only under a separate license agreement containing restrictions on use and disclosure.
	This software is protected by patents as detailed at https://www.informatica.com/legal/patents.html.
	A current list of Informatica trademarks is available on the web at https://www.informatica.com/trademarks.html.

[2026-10-06 15:56:25.673823] [information] Core-10403-150: Context (0x1b4e330) created: ContextID (0xba5430cf), ContextName [29west_statistics_context], Context Instance (0x78061e3aa7e16f9d)

[2026-10-06 15:56:25.674509] [information] Core-10403-151: Reactor Only Context (0x1bcbfd0) created with ContextID (0x58d6d839) and ContextName [(NULL)]

[2026-10-06 15:56:25.674700] [information] Core-10403-151: Reactor Only Context (0x1be40c0) created with ContextID (0x7bb22624) and ContextName [(NULL)]

[2026-10-06 15:56:25.677621] [information] Core-10403-150: Context (0x1bfda50) created: ContextID (0xdc2cf318), ContextName [TRD1], Context Instance (0xafc3a72ab4a0190e)

[2026-10-06 15:56:25.680149] [information] Core-10403-150: Context (0x1cf49c0) created: ContextID (0x68eeb752), ContextName [TRD1], Context Instance (0x8bee4fdb11d451f2)

[2026-10-06 15:56:25.680882] [information] Gwd-9574-01: RecalcTrigger:LINK CAME UP:Version = 1:NodeId = 1

[2026-10-06 15:56:25.683084] [information] Core-10403-150: Context (0x1e266e0) created: ContextID (0x1a450bac), ContextName [TRD2], Context Instance (0xdf13daf3f0e6045a)

[2026-10-06 15:56:25.684932] [information] Core-10403-150: Context (0x1ea7800) created: ContextID (0x110db7c2), ContextName [TRD2], Context Instance (0x6564a4167c753958)

[2026-10-06 15:56:25.685978] [information] Gwd-9574-01: RecalcTrigger:LINK CAME UP:Version = 2:NodeId = 2

[2026-10-06 15:56:25.686765] [information] Gwd-7122-1: Gateway named [dro1] with node id: 17080559106476924158 has started.
[2026-10-06 15:56:25.776692] [information] Core-10403-08: SRS Controller Connection (0x1d4f830) SID (0x1f614ade) received the initial connection from the Server (10.29.4.105:12601) Local Addr (10.29.4.105:47705) for ContextID (1760474962)

[2026-10-06 15:56:25.776731] [information] Core-10403-08: SRS Controller Connection (0x1c5a9b0) SID (0xaae8bdd7) received the initial connection from the Server (10.29.4.105:12601) Local Addr (10.29.4.105:49937) for ContextID (3693933336)

[2026-10-06 15:56:30.936756] [information] Gwd-6361-74: route recalculation took 0.000056 seconds
[2026-10-06 15:57:46.755397] [information] Gwd-6033-391: Shutdown event detected. Attempting to shutdown
