LOG Level 7: Core-10403-150: Context (0x1e41000) created: ContextID (0x338a9198), ContextName [29west_statistics_context], Context Instance (0x3561a0459880c335)
LOG Level 7: Core-10403-151: Reactor Only Context (0x1ebab40) created with ContextID (0x4210d001) and ContextName [(NULL)]
LOG Level 7: Core-10403-150: Context (0x1ed28e0) created: ContextID (0x2f5ed553), ContextName [], Context Instance (0x8a3b09f8ad01e8cf)
Immediate messaging target: TCP:10.29.4.105:14397
Will use RegID offset 1000.
Using an LBM event queue.
LOG Level 7: Core-6259-7: Domain ID discovered via 10.29.4.105:55327; context resides in Domain ID 2.
LOG Level 5: Core-6259-15: Failed sending Unicast Control Message: cannot find route to Remote Domain 1 (10.29.4.105:14396)
[topic1][LBTRM:10.29.4.105:14393:1599718b:239.101.3.3:14400[2022392472]], Beginning of Transport Session
LOG Level 7: Core-11458-10: Route discovered to Domain ID 1 through 10.29.4.105:14394 route index: 0
LOG Level 7: Core-6259-26: Route discovered to Domain ID 1 through 10.29.4.105:14394 route index: 0
Store 0: 1:10.29.4.105:12801 [LBTRM:10.29.4.105:14393:1599718b:239.101.3.3:14400[2022392472]][4228464808] Flags 0x0. Requesting regid: 4228465808 (CD (nil))
[topic1][LBTRM:10.29.4.105:14393:1599718b:239.101.3.3:14400[2022392472]] store 0: 1:10.29.4.105:12801 UME registration successful. SrcRegID 4228464808 RcvRegID 4228465808. Flags 0x68 SRC Session ID 0 Proactive keepalive is supported at the store
1.007 secs.  0     Kmsgs/sec.  0     Kbps
[topic1][LBTRM:10.29.4.105:14393:1599718b:239.101.3.3:14400[2022392472]] UME registration complete. SQN 0. Flags 0x4 SRC Session ID 0 
[topic1][LBTRM:10.29.4.105:14393:1599718b:239.101.3.3:14400[2022392472]][0]-RX-, 700 bytes
6d 65 73 73 61 67 65 20 30 00 00 00 00 00 00 00 	message 0.......
00 00 00 00 00 00 00 00 00 00 00 00 00 00 00 00 	................
00 00 00 00 00 00 00 00 00 00 00 00 00 00 00 00 	................
00 00 00 00 00 00 00 00 00 00 00 00 00 00 00 00 	................
00 00 00 00 00 00 00 00 00 00 00 00 00 00 00 00 	................
00 00 00 00 00 00 00 00 00 00 00 00 00 00 00 00 	................
00 00 00 00 00 00 00 00 00 00 00 00 00 00 00 00 	................
00 00 00 00 00 00 00 00 00 00 00 00 00 00 00 00 	................
00 00 00 00 00 00 00 00 00 00 00 00 00 00 00 00 	................
00 00 00 00 00 00 00 00 00 00 00 00 00 00 00 00 	................
00 00 00 00 00 00 00 00 00 00 00 00 00 00 00 00 	................
00 00 00 00 00 00 00 00 00 00 00 00 00 00 00 00 	................
00 00 00 00 00 00 00 00 00 00 00 00 00 00 00 00 	................
00 00 00 00 00 00 00 00 00 00 00 00 00 00 00 00 	................
00 00 00 00 00 00 00 00 00 00 00 00 00 00 00 00 	................
00 00 00 00 00 00 00 00 00 00 00 00 00 00 00 00 	................
00 00 00 00 00 00 00 00 00 00 00 00 00 00 00 00 	................
00 00 00 00 00 00 00 00 00 00 00 00 00 00 00 00 	................
00 00 00 00 00 00 00 00 00 00 00 00 00 00 00 00 	................
00 00 00 00 00 00 00 00 00 00 00 00 00 00 00 00 	................
00 00 00 00 00 00 00 00 00 00 00 00 00 00 00 00 	................
00 00 00 00 00 00 00 00 00 00 00 00 00 00 00 00 	................
00 00 00 00 00 00 00 00 00 00 00 00 00 00 00 00 	................
00 00 00 00 00 00 00 00 00 00 00 00 00 00 00 00 	................
00 00 00 00 00 00 00 00 00 00 00 00 00 00 00 00 	................
00 00 00 00 00 00 00 00 00 00 00 00 00 00 00 00 	................
00 00 00 00 00 00 00 00 00 00 00 00 00 00 00 00 	................
00 00 00 00 00 00 00 00 00 00 00 00 00 00 00 00 	................
00 00 00 00 00 00 00 00 00 00 00 00 00 00 00 00 	................
00 00 00 00 00 00 00 00 00 00 00 00 00 00 00 00 	................
00 00 00 00 00 00 00 00 00 00 00 00 00 00 00 00 	................
00 00 00 00 00 00 00 00 00 00 00 00 00 00 00 00 	................
00 00 00 00 00 00 00 00 00 00 00 00 00 00 00 00 	................
00 00 00 00 00 00 00 00 00 00 00 00 00 00 00 00 	................
00 00 00 00 00 00 00 00 00 00 00 00 00 00 00 00 	................
00 00 00 00 00 00 00 00 00 00 00 00 00 00 00 00 	................
00 00 00 00 00 00 00 00 00 00 00 00 00 00 00 00 	................
00 00 00 00 00 00 00 00 00 00 00 00 00 00 00 00 	................
00 00 00 00 00 00 00 00 00 00 00 00 00 00 00 00 	................
00 00 00 00 00 00 00 00 00 00 00 00 00 00 00 00 	................
00 00 00 00 00 00 00 00 00 00 00 00 00 00 00 00 	................
00 00 00 00 00 00 00 00 00 00 00 00 00 00 00 00 	................
00 00 00 00 00 00 00 00 00 00 00 00 00 00 00 00 	................
00 00 00 00 00 00 00 00 00 00 00 00             	............    
[topic1][LBTRM:10.29.4.105:14393:1599718b:239.101.3.3:14400[2022392472]][1]-RX-, 700 bytes
6d 65 73 73 61 67 65 20 31 00 00 00 00 00 00 00 	message 1.......
00 00 00 00 00 00 00 00 00 00 00 00 00 00 00 00 	................
00 00 00 00 00 00 00 00 00 00 00 00 00 00 00 00 	................
00 00 00 00 00 00 00 00 00 00 00 00 00 00 00 00 	................
00 00 00 00 00 00 00 00 00 00 00 00 00 00 00 00 	................
00 00 00 00 00 00 00 00 00 00 00 00 00 00 00 00 	................
00 00 00 00 00 00 00 00 00 00 00 00 00 00 00 00 	................
00 00 00 00 00 00 00 00 00 00 00 00 00 00 00 00 	................
00 00 00 00 00 00 00 00 00 00 00 00 00 00 00 00 	................
00 00 00 00 00 00 00 00 00 00 00 00 00 00 00 00 	................
00 00 00 00 00 00 00 00 00 00 00 00 00 00 00 00 	................
00 00 00 00 00 00 00 00 00 00 00 00 00 00 00 00 	................
00 00 00 00 00 00 00 00 00 00 00 00 00 00 00 00 	................
00 00 00 00 00 00 00 00 00 00 00 00 00 00 00 00 	................
00 00 00 00 00 00 00 00 00 00 00 00 00 00 00 00 	................
00 00 00 00 00 00 00 00 00 00 00 00 00 00 00 00 	................
00 00 00 00 00 00 00 00 00 00 00 00 00 00 00 00 	................
00 00 00 00 00 00 00 00 00 00 00 00 00 00 00 00 	................
00 00 00 00 00 00 00 00 00 00 00 00 00 00 00 00 	................
00 00 00 00 00 00 00 00 00 00 00 00 00 00 00 00 	................
00 00 00 00 00 00 00 00 00 00 00 00 00 00 00 00 	................
00 00 00 00 00 00 00 00 00 00 00 00 00 00 00 00 	................
00 00 00 00 00 00 00 00 00 00 00 00 00 00 00 00 	................
00 00 00 00 00 00 00 00 00 00 00 00 00 00 00 00 	................
00 00 00 00 00 00 00 00 00 00 00 00 00 00 00 00 	................
00 00 00 00 00 00 00 00 00 00 00 00 00 00 00 00 	................
00 00 00 00 00 00 00 00 00 00 00 00 00 00 00 00 	................
00 00 00 00 00 00 00 00 00 00 00 00 00 00 00 00 	................
00 00 00 00 00 00 00 00 00 00 00 00 00 00 00 00 	................
00 00 00 00 00 00 00 00 00 00 00 00 00 00 00 00 	................
00 00 00 00 00 00 00 00 00 00 00 00 00 00 00 00 	................
00 00 00 00 00 00 00 00 00 00 00 00 00 00 00 00 	................
00 00 00 00 00 00 00 00 00 00 00 00 00 00 00 00 	................
00 00 00 00 00 00 00 00 00 00 00 00 00 00 00 00 	................
00 00 00 00 00 00 00 00 00 00 00 00 00 00 00 00 	................
00 00 00 00 00 00 00 00 00 00 00 00 00 00 00 00 	................
00 00 00 00 00 00 00 00 00 00 00 00 00 00 00 00 	................
00 00 00 00 00 00 00 00 00 00 00 00 00 00 00 00 	................
00 00 00 00 00 00 00 00 00 00 00 00 00 00 00 00 	................
00 00 00 00 00 00 00 00 00 00 00 00 00 00 00 00 	................
00 00 00 00 00 00 00 00 00 00 00 00 00 00 00 00 	................
00 00 00 00 00 00 00 00 00 00 00 00 00 00 00 00 	................
00 00 00 00 00 00 00 00 00 00 00 00 00 00 00 00 	................
00 00 00 00 00 00 00 00 00 00 00 00             	............    
[topic1][LBTRM:10.29.4.105:14393:1599718b:239.101.3.3:14400[2022392472]][2]-RX-, 700 bytes
6d 65 73 73 61 67 65 20 32 00 00 00 00 00 00 00 	message 2.......
00 00 00 00 00 00 00 00 00 00 00 00 00 00 00 00 	................
00 00 00 00 00 00 00 00 00 00 00 00 00 00 00 00 	................
00 00 00 00 00 00 00 00 00 00 00 00 00 00 00 00 	................
00 00 00 00 00 00 00 00 00 00 00 00 00 00 00 00 	................
00 00 00 00 00 00 00 00 00 00 00 00 00 00 00 00 	................
00 00 00 00 00 00 00 00 00 00 00 00 00 00 00 00 	................
00 00 00 00 00 00 00 00 00 00 00 00 00 00 00 00 	................
00 00 00 00 00 00 00 00 00 00 00 00 00 00 00 00 	................
00 00 00 00 00 00 00 00 00 00 00 00 00 00 00 00 	................
00 00 00 00 00 00 00 00 00 00 00 00 00 00 00 00 	................
00 00 00 00 00 00 00 00 00 00 00 00 00 00 00 00 	................
00 00 00 00 00 00 00 00 00 00 00 00 00 00 00 00 	................
00 00 00 00 00 00 00 00 00 00 00 00 00 00 00 00 	................
00 00 00 00 00 00 00 00 00 00 00 00 00 00 00 00 	................
00 00 00 00 00 00 00 00 00 00 00 00 00 00 00 00 	................
00 00 00 00 00 00 00 00 00 00 00 00 00 00 00 00 	................
00 00 00 00 00 00 00 00 00 00 00 00 00 00 00 00 	................
00 00 00 00 00 00 00 00 00 00 00 00 00 00 00 00 	................
00 00 00 00 00 00 00 00 00 00 00 00 00 00 00 00 	................
00 00 00 00 00 00 00 00 00 00 00 00 00 00 00 00 	................
00 00 00 00 00 00 00 00 00 00 00 00 00 00 00 00 	................
00 00 00 00 00 00 00 00 00 00 00 00 00 00 00 00 	................
00 00 00 00 00 00 00 00 00 00 00 00 00 00 00 00 	................
00 00 00 00 00 00 00 00 00 00 00 00 00 00 00 00 	................
00 00 00 00 00 00 00 00 00 00 00 00 00 00 00 00 	................
00 00 00 00 00 00 00 00 00 00 00 00 00 00 00 00 	................
00 00 00 00 00 00 00 00 00 00 00 00 00 00 00 00 	................
00 00 00 00 00 00 00 00 00 00 00 00 00 00 00 00 	................
00 00 00 00 00 00 00 00 00 00 00 00 00 00 00 00 	................
00 00 00 00 00 00 00 00 00 00 00 00 00 00 00 00 	................
00 00 00 00 00 00 00 00 00 00 00 00 00 00 00 00 	................
00 00 00 00 00 00 00 00 00 00 00 00 00 00 00 00 	................
00 00 00 00 00 00 00 00 00 00 00 00 00 00 00 00 	................
00 00 00 00 00 00 00 00 00 00 00 00 00 00 00 00 	................
00 00 00 00 00 00 00 00 00 00 00 00 00 00 00 00 	................
00 00 00 00 00 00 00 00 00 00 00 00 00 00 00 00 	................
00 00 00 00 00 00 00 00 00 00 00 00 00 00 00 00 	................
00 00 00 00 00 00 00 00 00 00 00 00 00 00 00 00 	................
00 00 00 00 00 00 00 00 00 00 00 00 00 00 00 00 	................
00 00 00 00 00 00 00 00 00 00 00 00 00 00 00 00 	................
00 00 00 00 00 00 00 00 00 00 00 00 00 00 00 00 	................
00 00 00 00 00 00 00 00 00 00 00 00 00 00 00 00 	................
00 00 00 00 00 00 00 00 00 00 00 00             	............    
[topic1][LBTRM:10.29.4.105:14393:1599718b:239.101.3.3:14400[2022392472]][3]-RX-, 700 bytes
6d 65 73 73 61 67 65 20 33 00 00 00 00 00 00 00 	message 3.......
00 00 00 00 00 00 00 00 00 00 00 00 00 00 00 00 	................
00 00 00 00 00 00 00 00 00 00 00 00 00 00 00 00 	................
00 00 00 00 00 00 00 00 00 00 00 00 00 00 00 00 	................
00 00 00 00 00 00 00 00 00 00 00 00 00 00 00 00 	................
00 00 00 00 00 00 00 00 00 00 00 00 00 00 00 00 	................
00 00 00 00 00 00 00 00 00 00 00 00 00 00 00 00 	................
00 00 00 00 00 00 00 00 00 00 00 00 00 00 00 00 	................
00 00 00 00 00 00 00 00 00 00 00 00 00 00 00 00 	................
00 00 00 00 00 00 00 00 00 00 00 00 00 00 00 00 	................
00 00 00 00 00 00 00 00 00 00 00 00 00 00 00 00 	................
00 00 00 00 00 00 00 00 00 00 00 00 00 00 00 00 	................
00 00 00 00 00 00 00 00 00 00 00 00 00 00 00 00 	................
00 00 00 00 00 00 00 00 00 00 00 00 00 00 00 00 	................
00 00 00 00 00 00 00 00 00 00 00 00 00 00 00 00 	................
00 00 00 00 00 00 00 00 00 00 00 00 00 00 00 00 	................
00 00 00 00 00 00 00 00 00 00 00 00 00 00 00 00 	................
00 00 00 00 00 00 00 00 00 00 00 00 00 00 00 00 	................
00 00 00 00 00 00 00 00 00 00 00 00 00 00 00 00 	................
00 00 00 00 00 00 00 00 00 00 00 00 00 00 00 00 	................
00 00 00 00 00 00 00 00 00 00 00 00 00 00 00 00 	................
00 00 00 00 00 00 00 00 00 00 00 00 00 00 00 00 	................
00 00 00 00 00 00 00 00 00 00 00 00 00 00 00 00 	................
00 00 00 00 00 00 00 00 00 00 00 00 00 00 00 00 	................
00 00 00 00 00 00 00 00 00 00 00 00 00 00 00 00 	................
00 00 00 00 00 00 00 00 00 00 00 00 00 00 00 00 	................
00 00 00 00 00 00 00 00 00 00 00 00 00 00 00 00 	................
00 00 00 00 00 00 00 00 00 00 00 00 00 00 00 00 	................
00 00 00 00 00 00 00 00 00 00 00 00 00 00 00 00 	................
00 00 00 00 00 00 00 00 00 00 00 00 00 00 00 00 	................
00 00 00 00 00 00 00 00 00 00 00 00 00 00 00 00 	................
00 00 00 00 00 00 00 00 00 00 00 00 00 00 00 00 	................
00 00 00 00 00 00 00 00 00 00 00 00 00 00 00 00 	................
00 00 00 00 00 00 00 00 00 00 00 00 00 00 00 00 	................
00 00 00 00 00 00 00 00 00 00 00 00 00 00 00 00 	................
00 00 00 00 00 00 00 00 00 00 00 00 00 00 00 00 	................
00 00 00 00 00 00 00 00 00 00 00 00 00 00 00 00 	................
00 00 00 00 00 00 00 00 00 00 00 00 00 00 00 00 	................
00 00 00 00 00 00 00 00 00 00 00 00 00 00 00 00 	................
00 00 00 00 00 00 00 00 00 00 00 00 00 00 00 00 	................
00 00 00 00 00 00 00 00 00 00 00 00 00 00 00 00 	................
00 00 00 00 00 00 00 00 00 00 00 00 00 00 00 00 	................
00 00 00 00 00 00 00 00 00 00 00 00 00 00 00 00 	................
00 00 00 00 00 00 00 00 00 00 00 00             	............    
[topic1][LBTRM:10.29.4.105:14393:1599718b:239.101.3.3:14400[2022392472]][4], 700 bytes
6d 65 73 73 61 67 65 20 34 00 00 00 00 00 00 00 	message 4.......
00 00 00 00 00 00 00 00 00 00 00 00 00 00 00 00 	................
00 00 00 00 00 00 00 00 00 00 00 00 00 00 00 00 	................
00 00 00 00 00 00 00 00 00 00 00 00 00 00 00 00 	................
00 00 00 00 00 00 00 00 00 00 00 00 00 00 00 00 	................
00 00 00 00 00 00 00 00 00 00 00 00 00 00 00 00 	................
00 00 00 00 00 00 00 00 00 00 00 00 00 00 00 00 	................
00 00 00 00 00 00 00 00 00 00 00 00 00 00 00 00 	................
00 00 00 00 00 00 00 00 00 00 00 00 00 00 00 00 	................
00 00 00 00 00 00 00 00 00 00 00 00 00 00 00 00 	................
00 00 00 00 00 00 00 00 00 00 00 00 00 00 00 00 	................
00 00 00 00 00 00 00 00 00 00 00 00 00 00 00 00 	................
00 00 00 00 00 00 00 00 00 00 00 00 00 00 00 00 	................
00 00 00 00 00 00 00 00 00 00 00 00 00 00 00 00 	................
00 00 00 00 00 00 00 00 00 00 00 00 00 00 00 00 	................
00 00 00 00 00 00 00 00 00 00 00 00 00 00 00 00 	................
00 00 00 00 00 00 00 00 00 00 00 00 00 00 00 00 	................
00 00 00 00 00 00 00 00 00 00 00 00 00 00 00 00 	................
00 00 00 00 00 00 00 00 00 00 00 00 00 00 00 00 	................
00 00 00 00 00 00 00 00 00 00 00 00 00 00 00 00 	................
00 00 00 00 00 00 00 00 00 00 00 00 00 00 00 00 	................
00 00 00 00 00 00 00 00 00 00 00 00 00 00 00 00 	................
00 00 00 00 00 00 00 00 00 00 00 00 00 00 00 00 	................
00 00 00 00 00 00 00 00 00 00 00 00 00 00 00 00 	................
00 00 00 00 00 00 00 00 00 00 00 00 00 00 00 00 	................
00 00 00 00 00 00 00 00 00 00 00 00 00 00 00 00 	................
00 00 00 00 00 00 00 00 00 00 00 00 00 00 00 00 	................
00 00 00 00 00 00 00 00 00 00 00 00 00 00 00 00 	................
00 00 00 00 00 00 00 00 00 00 00 00 00 00 00 00 	................
00 00 00 00 00 00 00 00 00 00 00 00 00 00 00 00 	................
00 00 00 00 00 00 00 00 00 00 00 00 00 00 00 00 	................
00 00 00 00 00 00 00 00 00 00 00 00 00 00 00 00 	................
00 00 00 00 00 00 00 00 00 00 00 00 00 00 00 00 	................
00 00 00 00 00 00 00 00 00 00 00 00 00 00 00 00 	................
00 00 00 00 00 00 00 00 00 00 00 00 00 00 00 00 	................
00 00 00 00 00 00 00 00 00 00 00 00 00 00 00 00 	................
00 00 00 00 00 00 00 00 00 00 00 00 00 00 00 00 	................
00 00 00 00 00 00 00 00 00 00 00 00 00 00 00 00 	................
00 00 00 00 00 00 00 00 00 00 00 00 00 00 00 00 	................
00 00 00 00 00 00 00 00 00 00 00 00 00 00 00 00 	................
00 00 00 00 00 00 00 00 00 00 00 00 00 00 00 00 	................
00 00 00 00 00 00 00 00 00 00 00 00 00 00 00 00 	................
00 00 00 00 00 00 00 00 00 00 00 00 00 00 00 00 	................
00 00 00 00 00 00 00 00 00 00 00 00             	............    
[topic1][LBTRM:10.29.4.105:14393:1599718b:239.101.3.3:14400[2022392472]][5], 700 bytes
6d 65 73 73 61 67 65 20 35 00 00 00 00 00 00 00 	message 5.......
00 00 00 00 00 00 00 00 00 00 00 00 00 00 00 00 	................
00 00 00 00 00 00 00 00 00 00 00 00 00 00 00 00 	................
00 00 00 00 00 00 00 00 00 00 00 00 00 00 00 00 	................
00 00 00 00 00 00 00 00 00 00 00 00 00 00 00 00 	................
00 00 00 00 00 00 00 00 00 00 00 00 00 00 00 00 	................
00 00 00 00 00 00 00 00 00 00 00 00 00 00 00 00 	................
00 00 00 00 00 00 00 00 00 00 00 00 00 00 00 00 	................
00 00 00 00 00 00 00 00 00 00 00 00 00 00 00 00 	................
00 00 00 00 00 00 00 00 00 00 00 00 00 00 00 00 	................
00 00 00 00 00 00 00 00 00 00 00 00 00 00 00 00 	................
00 00 00 00 00 00 00 00 00 00 00 00 00 00 00 00 	................
00 00 00 00 00 00 00 00 00 00 00 00 00 00 00 00 	................
00 00 00 00 00 00 00 00 00 00 00 00 00 00 00 00 	................
00 00 00 00 00 00 00 00 00 00 00 00 00 00 00 00 	................
00 00 00 00 00 00 00 00 00 00 00 00 00 00 00 00 	................
00 00 00 00 00 00 00 00 00 00 00 00 00 00 00 00 	................
00 00 00 00 00 00 00 00 00 00 00 00 00 00 00 00 	................
00 00 00 00 00 00 00 00 00 00 00 00 00 00 00 00 	................
00 00 00 00 00 00 00 00 00 00 00 00 00 00 00 00 	................
00 00 00 00 00 00 00 00 00 00 00 00 00 00 00 00 	................
00 00 00 00 00 00 00 00 00 00 00 00 00 00 00 00 	................
00 00 00 00 00 00 00 00 00 00 00 00 00 00 00 00 	................
00 00 00 00 00 00 00 00 00 00 00 00 00 00 00 00 	................
00 00 00 00 00 00 00 00 00 00 00 00 00 00 00 00 	................
00 00 00 00 00 00 00 00 00 00 00 00 00 00 00 00 	................
00 00 00 00 00 00 00 00 00 00 00 00 00 00 00 00 	................
00 00 00 00 00 00 00 00 00 00 00 00 00 00 00 00 	................
00 00 00 00 00 00 00 00 00 00 00 00 00 00 00 00 	................
00 00 00 00 00 00 00 00 00 00 00 00 00 00 00 00 	................
00 00 00 00 00 00 00 00 00 00 00 00 00 00 00 00 	................
00 00 00 00 00 00 00 00 00 00 00 00 00 00 00 00 	................
00 00 00 00 00 00 00 00 00 00 00 00 00 00 00 00 	................
00 00 00 00 00 00 00 00 00 00 00 00 00 00 00 00 	................
00 00 00 00 00 00 00 00 00 00 00 00 00 00 00 00 	................
00 00 00 00 00 00 00 00 00 00 00 00 00 00 00 00 	................
00 00 00 00 00 00 00 00 00 00 00 00 00 00 00 00 	................
00 00 00 00 00 00 00 00 00 00 00 00 00 00 00 00 	................
00 00 00 00 00 00 00 00 00 00 00 00 00 00 00 00 	................
00 00 00 00 00 00 00 00 00 00 00 00 00 00 00 00 	................
00 00 00 00 00 00 00 00 00 00 00 00 00 00 00 00 	................
00 00 00 00 00 00 00 00 00 00 00 00 00 00 00 00 	................
00 00 00 00 00 00 00 00 00 00 00 00 00 00 00 00 	................
00 00 00 00 00 00 00 00 00 00 00 00             	............    
1.011 secs.  0.005936 Kmsgs/sec.  33.24 Kbps [RX: 4]
[topic1][LBTRM:10.29.4.105:14393:1599718b:239.101.3.3:14400[2022392472]][6], 700 bytes
6d 65 73 73 61 67 65 20 36 00 00 00 00 00 00 00 	message 6.......
00 00 00 00 00 00 00 00 00 00 00 00 00 00 00 00 	................
00 00 00 00 00 00 00 00 00 00 00 00 00 00 00 00 	................
00 00 00 00 00 00 00 00 00 00 00 00 00 00 00 00 	................
00 00 00 00 00 00 00 00 00 00 00 00 00 00 00 00 	................
00 00 00 00 00 00 00 00 00 00 00 00 00 00 00 00 	................
00 00 00 00 00 00 00 00 00 00 00 00 00 00 00 00 	................
00 00 00 00 00 00 00 00 00 00 00 00 00 00 00 00 	................
00 00 00 00 00 00 00 00 00 00 00 00 00 00 00 00 	................
00 00 00 00 00 00 00 00 00 00 00 00 00 00 00 00 	................
00 00 00 00 00 00 00 00 00 00 00 00 00 00 00 00 	................
00 00 00 00 00 00 00 00 00 00 00 00 00 00 00 00 	................
00 00 00 00 00 00 00 00 00 00 00 00 00 00 00 00 	................
00 00 00 00 00 00 00 00 00 00 00 00 00 00 00 00 	................
00 00 00 00 00 00 00 00 00 00 00 00 00 00 00 00 	................
00 00 00 00 00 00 00 00 00 00 00 00 00 00 00 00 	................
00 00 00 00 00 00 00 00 00 00 00 00 00 00 00 00 	................
00 00 00 00 00 00 00 00 00 00 00 00 00 00 00 00 	................
00 00 00 00 00 00 00 00 00 00 00 00 00 00 00 00 	................
00 00 00 00 00 00 00 00 00 00 00 00 00 00 00 00 	................
00 00 00 00 00 00 00 00 00 00 00 00 00 00 00 00 	................
00 00 00 00 00 00 00 00 00 00 00 00 00 00 00 00 	................
00 00 00 00 00 00 00 00 00 00 00 00 00 00 00 00 	................
00 00 00 00 00 00 00 00 00 00 00 00 00 00 00 00 	................
00 00 00 00 00 00 00 00 00 00 00 00 00 00 00 00 	................
00 00 00 00 00 00 00 00 00 00 00 00 00 00 00 00 	................
00 00 00 00 00 00 00 00 00 00 00 00 00 00 00 00 	................
00 00 00 00 00 00 00 00 00 00 00 00 00 00 00 00 	................
00 00 00 00 00 00 00 00 00 00 00 00 00 00 00 00 	................
00 00 00 00 00 00 00 00 00 00 00 00 00 00 00 00 	................
00 00 00 00 00 00 00 00 00 00 00 00 00 00 00 00 	................
00 00 00 00 00 00 00 00 00 00 00 00 00 00 00 00 	................
00 00 00 00 00 00 00 00 00 00 00 00 00 00 00 00 	................
00 00 00 00 00 00 00 00 00 00 00 00 00 00 00 00 	................
00 00 00 00 00 00 00 00 00 00 00 00 00 00 00 00 	................
00 00 00 00 00 00 00 00 00 00 00 00 00 00 00 00 	................
00 00 00 00 00 00 00 00 00 00 00 00 00 00 00 00 	................
00 00 00 00 00 00 00 00 00 00 00 00 00 00 00 00 	................
00 00 00 00 00 00 00 00 00 00 00 00 00 00 00 00 	................
00 00 00 00 00 00 00 00 00 00 00 00 00 00 00 00 	................
00 00 00 00 00 00 00 00 00 00 00 00 00 00 00 00 	................
00 00 00 00 00 00 00 00 00 00 00 00 00 00 00 00 	................
00 00 00 00 00 00 00 00 00 00 00 00 00 00 00 00 	................
00 00 00 00 00 00 00 00 00 00 00 00             	............    
1     secs.  0.0009998 Kmsgs/sec.  5.599 Kbps
[topic1][LBTRM:10.29.4.105:14393:1599718b:239.101.3.3:14400[2022392472]][7], 700 bytes
6d 65 73 73 61 67 65 20 37 00 00 00 00 00 00 00 	message 7.......
00 00 00 00 00 00 00 00 00 00 00 00 00 00 00 00 	................
00 00 00 00 00 00 00 00 00 00 00 00 00 00 00 00 	................
00 00 00 00 00 00 00 00 00 00 00 00 00 00 00 00 	................
00 00 00 00 00 00 00 00 00 00 00 00 00 00 00 00 	................
00 00 00 00 00 00 00 00 00 00 00 00 00 00 00 00 	................
00 00 00 00 00 00 00 00 00 00 00 00 00 00 00 00 	................
00 00 00 00 00 00 00 00 00 00 00 00 00 00 00 00 	................
00 00 00 00 00 00 00 00 00 00 00 00 00 00 00 00 	................
00 00 00 00 00 00 00 00 00 00 00 00 00 00 00 00 	................
00 00 00 00 00 00 00 00 00 00 00 00 00 00 00 00 	................
00 00 00 00 00 00 00 00 00 00 00 00 00 00 00 00 	................
00 00 00 00 00 00 00 00 00 00 00 00 00 00 00 00 	................
00 00 00 00 00 00 00 00 00 00 00 00 00 00 00 00 	................
00 00 00 00 00 00 00 00 00 00 00 00 00 00 00 00 	................
00 00 00 00 00 00 00 00 00 00 00 00 00 00 00 00 	................
00 00 00 00 00 00 00 00 00 00 00 00 00 00 00 00 	................
00 00 00 00 00 00 00 00 00 00 00 00 00 00 00 00 	................
00 00 00 00 00 00 00 00 00 00 00 00 00 00 00 00 	................
00 00 00 00 00 00 00 00 00 00 00 00 00 00 00 00 	................
00 00 00 00 00 00 00 00 00 00 00 00 00 00 00 00 	................
00 00 00 00 00 00 00 00 00 00 00 00 00 00 00 00 	................
00 00 00 00 00 00 00 00 00 00 00 00 00 00 00 00 	................
00 00 00 00 00 00 00 00 00 00 00 00 00 00 00 00 	................
00 00 00 00 00 00 00 00 00 00 00 00 00 00 00 00 	................
00 00 00 00 00 00 00 00 00 00 00 00 00 00 00 00 	................
00 00 00 00 00 00 00 00 00 00 00 00 00 00 00 00 	................
00 00 00 00 00 00 00 00 00 00 00 00 00 00 00 00 	................
00 00 00 00 00 00 00 00 00 00 00 00 00 00 00 00 	................
00 00 00 00 00 00 00 00 00 00 00 00 00 00 00 00 	................
00 00 00 00 00 00 00 00 00 00 00 00 00 00 00 00 	................
00 00 00 00 00 00 00 00 00 00 00 00 00 00 00 00 	................
00 00 00 00 00 00 00 00 00 00 00 00 00 00 00 00 	................
00 00 00 00 00 00 00 00 00 00 00 00 00 00 00 00 	................
00 00 00 00 00 00 00 00 00 00 00 00 00 00 00 00 	................
00 00 00 00 00 00 00 00 00 00 00 00 00 00 00 00 	................
00 00 00 00 00 00 00 00 00 00 00 00 00 00 00 00 	................
00 00 00 00 00 00 00 00 00 00 00 00 00 00 00 00 	................
00 00 00 00 00 00 00 00 00 00 00 00 00 00 00 00 	................
00 00 00 00 00 00 00 00 00 00 00 00 00 00 00 00 	................
00 00 00 00 00 00 00 00 00 00 00 00 00 00 00 00 	................
00 00 00 00 00 00 00 00 00 00 00 00 00 00 00 00 	................
00 00 00 00 00 00 00 00 00 00 00 00 00 00 00 00 	................
00 00 00 00 00 00 00 00 00 00 00 00             	............    
1     secs.  0.0009998 Kmsgs/sec.  5.599 Kbps
[topic1][LBTRM:10.29.4.105:14393:1599718b:239.101.3.3:14400[2022392472]][8], 700 bytes
6d 65 73 73 61 67 65 20 38 00 00 00 00 00 00 00 	message 8.......
00 00 00 00 00 00 00 00 00 00 00 00 00 00 00 00 	................
00 00 00 00 00 00 00 00 00 00 00 00 00 00 00 00 	................
00 00 00 00 00 00 00 00 00 00 00 00 00 00 00 00 	................
00 00 00 00 00 00 00 00 00 00 00 00 00 00 00 00 	................
00 00 00 00 00 00 00 00 00 00 00 00 00 00 00 00 	................
00 00 00 00 00 00 00 00 00 00 00 00 00 00 00 00 	................
00 00 00 00 00 00 00 00 00 00 00 00 00 00 00 00 	................
00 00 00 00 00 00 00 00 00 00 00 00 00 00 00 00 	................
00 00 00 00 00 00 00 00 00 00 00 00 00 00 00 00 	................
00 00 00 00 00 00 00 00 00 00 00 00 00 00 00 00 	................
00 00 00 00 00 00 00 00 00 00 00 00 00 00 00 00 	................
00 00 00 00 00 00 00 00 00 00 00 00 00 00 00 00 	................
00 00 00 00 00 00 00 00 00 00 00 00 00 00 00 00 	................
00 00 00 00 00 00 00 00 00 00 00 00 00 00 00 00 	................
00 00 00 00 00 00 00 00 00 00 00 00 00 00 00 00 	................
00 00 00 00 00 00 00 00 00 00 00 00 00 00 00 00 	................
00 00 00 00 00 00 00 00 00 00 00 00 00 00 00 00 	................
00 00 00 00 00 00 00 00 00 00 00 00 00 00 00 00 	................
00 00 00 00 00 00 00 00 00 00 00 00 00 00 00 00 	................
00 00 00 00 00 00 00 00 00 00 00 00 00 00 00 00 	................
00 00 00 00 00 00 00 00 00 00 00 00 00 00 00 00 	................
00 00 00 00 00 00 00 00 00 00 00 00 00 00 00 00 	................
00 00 00 00 00 00 00 00 00 00 00 00 00 00 00 00 	................
00 00 00 00 00 00 00 00 00 00 00 00 00 00 00 00 	................
00 00 00 00 00 00 00 00 00 00 00 00 00 00 00 00 	................
00 00 00 00 00 00 00 00 00 00 00 00 00 00 00 00 	................
00 00 00 00 00 00 00 00 00 00 00 00 00 00 00 00 	................
00 00 00 00 00 00 00 00 00 00 00 00 00 00 00 00 	................
00 00 00 00 00 00 00 00 00 00 00 00 00 00 00 00 	................
00 00 00 00 00 00 00 00 00 00 00 00 00 00 00 00 	................
00 00 00 00 00 00 00 00 00 00 00 00 00 00 00 00 	................
00 00 00 00 00 00 00 00 00 00 00 00 00 00 00 00 	................
00 00 00 00 00 00 00 00 00 00 00 00 00 00 00 00 	................
00 00 00 00 00 00 00 00 00 00 00 00 00 00 00 00 	................
00 00 00 00 00 00 00 00 00 00 00 00 00 00 00 00 	................
00 00 00 00 00 00 00 00 00 00 00 00 00 00 00 00 	................
00 00 00 00 00 00 00 00 00 00 00 00 00 00 00 00 	................
00 00 00 00 00 00 00 00 00 00 00 00 00 00 00 00 	................
00 00 00 00 00 00 00 00 00 00 00 00 00 00 00 00 	................
00 00 00 00 00 00 00 00 00 00 00 00 00 00 00 00 	................
00 00 00 00 00 00 00 00 00 00 00 00 00 00 00 00 	................
00 00 00 00 00 00 00 00 00 00 00 00 00 00 00 00 	................
00 00 00 00 00 00 00 00 00 00 00 00             	............    
1     secs.  0.0009997 Kmsgs/sec.  5.598 Kbps
[topic1][LBTRM:10.29.4.105:14393:1599718b:239.101.3.3:14400[2022392472]][9], 700 bytes
6d 65 73 73 61 67 65 20 39 00 00 00 00 00 00 00 	message 9.......
00 00 00 00 00 00 00 00 00 00 00 00 00 00 00 00 	................
00 00 00 00 00 00 00 00 00 00 00 00 00 00 00 00 	................
00 00 00 00 00 00 00 00 00 00 00 00 00 00 00 00 	................
00 00 00 00 00 00 00 00 00 00 00 00 00 00 00 00 	................
00 00 00 00 00 00 00 00 00 00 00 00 00 00 00 00 	................
00 00 00 00 00 00 00 00 00 00 00 00 00 00 00 00 	................
00 00 00 00 00 00 00 00 00 00 00 00 00 00 00 00 	................
00 00 00 00 00 00 00 00 00 00 00 00 00 00 00 00 	................
00 00 00 00 00 00 00 00 00 00 00 00 00 00 00 00 	................
00 00 00 00 00 00 00 00 00 00 00 00 00 00 00 00 	................
00 00 00 00 00 00 00 00 00 00 00 00 00 00 00 00 	................
00 00 00 00 00 00 00 00 00 00 00 00 00 00 00 00 	................
00 00 00 00 00 00 00 00 00 00 00 00 00 00 00 00 	................
00 00 00 00 00 00 00 00 00 00 00 00 00 00 00 00 	................
00 00 00 00 00 00 00 00 00 00 00 00 00 00 00 00 	................
00 00 00 00 00 00 00 00 00 00 00 00 00 00 00 00 	................
00 00 00 00 00 00 00 00 00 00 00 00 00 00 00 00 	................
00 00 00 00 00 00 00 00 00 00 00 00 00 00 00 00 	................
00 00 00 00 00 00 00 00 00 00 00 00 00 00 00 00 	................
00 00 00 00 00 00 00 00 00 00 00 00 00 00 00 00 	................
00 00 00 00 00 00 00 00 00 00 00 00 00 00 00 00 	................
00 00 00 00 00 00 00 00 00 00 00 00 00 00 00 00 	................
00 00 00 00 00 00 00 00 00 00 00 00 00 00 00 00 	................
00 00 00 00 00 00 00 00 00 00 00 00 00 00 00 00 	................
00 00 00 00 00 00 00 00 00 00 00 00 00 00 00 00 	................
00 00 00 00 00 00 00 00 00 00 00 00 00 00 00 00 	................
00 00 00 00 00 00 00 00 00 00 00 00 00 00 00 00 	................
00 00 00 00 00 00 00 00 00 00 00 00 00 00 00 00 	................
00 00 00 00 00 00 00 00 00 00 00 00 00 00 00 00 	................
00 00 00 00 00 00 00 00 00 00 00 00 00 00 00 00 	................
00 00 00 00 00 00 00 00 00 00 00 00 00 00 00 00 	................
00 00 00 00 00 00 00 00 00 00 00 00 00 00 00 00 	................
00 00 00 00 00 00 00 00 00 00 00 00 00 00 00 00 	................
00 00 00 00 00 00 00 00 00 00 00 00 00 00 00 00 	................
00 00 00 00 00 00 00 00 00 00 00 00 00 00 00 00 	................
00 00 00 00 00 00 00 00 00 00 00 00 00 00 00 00 	................
00 00 00 00 00 00 00 00 00 00 00 00 00 00 00 00 	................
00 00 00 00 00 00 00 00 00 00 00 00 00 00 00 00 	................
00 00 00 00 00 00 00 00 00 00 00 00 00 00 00 00 	................
00 00 00 00 00 00 00 00 00 00 00 00 00 00 00 00 	................
00 00 00 00 00 00 00 00 00 00 00 00 00 00 00 00 	................
00 00 00 00 00 00 00 00 00 00 00 00 00 00 00 00 	................
00 00 00 00 00 00 00 00 00 00 00 00             	............    
1     secs.  0.0009997 Kmsgs/sec.  5.598 Kbps
[topic1][LBTRM:10.29.4.105:14393:1599718b:239.101.3.3:14400[2022392472]][10], 700 bytes
6d 65 73 73 61 67 65 20 31 30 00 00 00 00 00 00 	message 10......
00 00 00 00 00 00 00 00 00 00 00 00 00 00 00 00 	................
00 00 00 00 00 00 00 00 00 00 00 00 00 00 00 00 	................
00 00 00 00 00 00 00 00 00 00 00 00 00 00 00 00 	................
00 00 00 00 00 00 00 00 00 00 00 00 00 00 00 00 	................
00 00 00 00 00 00 00 00 00 00 00 00 00 00 00 00 	................
00 00 00 00 00 00 00 00 00 00 00 00 00 00 00 00 	................
00 00 00 00 00 00 00 00 00 00 00 00 00 00 00 00 	................
00 00 00 00 00 00 00 00 00 00 00 00 00 00 00 00 	................
00 00 00 00 00 00 00 00 00 00 00 00 00 00 00 00 	................
00 00 00 00 00 00 00 00 00 00 00 00 00 00 00 00 	................
00 00 00 00 00 00 00 00 00 00 00 00 00 00 00 00 	................
00 00 00 00 00 00 00 00 00 00 00 00 00 00 00 00 	................
00 00 00 00 00 00 00 00 00 00 00 00 00 00 00 00 	................
00 00 00 00 00 00 00 00 00 00 00 00 00 00 00 00 	................
00 00 00 00 00 00 00 00 00 00 00 00 00 00 00 00 	................
00 00 00 00 00 00 00 00 00 00 00 00 00 00 00 00 	................
00 00 00 00 00 00 00 00 00 00 00 00 00 00 00 00 	................
00 00 00 00 00 00 00 00 00 00 00 00 00 00 00 00 	................
00 00 00 00 00 00 00 00 00 00 00 00 00 00 00 00 	................
00 00 00 00 00 00 00 00 00 00 00 00 00 00 00 00 	................
00 00 00 00 00 00 00 00 00 00 00 00 00 00 00 00 	................
00 00 00 00 00 00 00 00 00 00 00 00 00 00 00 00 	................
00 00 00 00 00 00 00 00 00 00 00 00 00 00 00 00 	................
00 00 00 00 00 00 00 00 00 00 00 00 00 00 00 00 	................
00 00 00 00 00 00 00 00 00 00 00 00 00 00 00 00 	................
00 00 00 00 00 00 00 00 00 00 00 00 00 00 00 00 	................
00 00 00 00 00 00 00 00 00 00 00 00 00 00 00 00 	................
00 00 00 00 00 00 00 00 00 00 00 00 00 00 00 00 	................
00 00 00 00 00 00 00 00 00 00 00 00 00 00 00 00 	................
00 00 00 00 00 00 00 00 00 00 00 00 00 00 00 00 	................
00 00 00 00 00 00 00 00 00 00 00 00 00 00 00 00 	................
00 00 00 00 00 00 00 00 00 00 00 00 00 00 00 00 	................
00 00 00 00 00 00 00 00 00 00 00 00 00 00 00 00 	................
00 00 00 00 00 00 00 00 00 00 00 00 00 00 00 00 	................
00 00 00 00 00 00 00 00 00 00 00 00 00 00 00 00 	................
00 00 00 00 00 00 00 00 00 00 00 00 00 00 00 00 	................
00 00 00 00 00 00 00 00 00 00 00 00 00 00 00 00 	................
00 00 00 00 00 00 00 00 00 00 00 00 00 00 00 00 	................
00 00 00 00 00 00 00 00 00 00 00 00 00 00 00 00 	................
00 00 00 00 00 00 00 00 00 00 00 00 00 00 00 00 	................
00 00 00 00 00 00 00 00 00 00 00 00 00 00 00 00 	................
00 00 00 00 00 00 00 00 00 00 00 00 00 00 00 00 	................
00 00 00 00 00 00 00 00 00 00 00 00             	............    
1     secs.  0.0009998 Kmsgs/sec.  5.599 Kbps
[topic1][LBTRM:10.29.4.105:14393:1599718b:239.101.3.3:14400[2022392472]][11], 700 bytes
6d 65 73 73 61 67 65 20 31 31 00 00 00 00 00 00 	message 11......
00 00 00 00 00 00 00 00 00 00 00 00 00 00 00 00 	................
00 00 00 00 00 00 00 00 00 00 00 00 00 00 00 00 	................
00 00 00 00 00 00 00 00 00 00 00 00 00 00 00 00 	................
00 00 00 00 00 00 00 00 00 00 00 00 00 00 00 00 	................
00 00 00 00 00 00 00 00 00 00 00 00 00 00 00 00 	................
00 00 00 00 00 00 00 00 00 00 00 00 00 00 00 00 	................
00 00 00 00 00 00 00 00 00 00 00 00 00 00 00 00 	................
00 00 00 00 00 00 00 00 00 00 00 00 00 00 00 00 	................
00 00 00 00 00 00 00 00 00 00 00 00 00 00 00 00 	................
00 00 00 00 00 00 00 00 00 00 00 00 00 00 00 00 	................
00 00 00 00 00 00 00 00 00 00 00 00 00 00 00 00 	................
00 00 00 00 00 00 00 00 00 00 00 00 00 00 00 00 	................
00 00 00 00 00 00 00 00 00 00 00 00 00 00 00 00 	................
00 00 00 00 00 00 00 00 00 00 00 00 00 00 00 00 	................
00 00 00 00 00 00 00 00 00 00 00 00 00 00 00 00 	................
00 00 00 00 00 00 00 00 00 00 00 00 00 00 00 00 	................
00 00 00 00 00 00 00 00 00 00 00 00 00 00 00 00 	................
00 00 00 00 00 00 00 00 00 00 00 00 00 00 00 00 	................
00 00 00 00 00 00 00 00 00 00 00 00 00 00 00 00 	................
00 00 00 00 00 00 00 00 00 00 00 00 00 00 00 00 	................
00 00 00 00 00 00 00 00 00 00 00 00 00 00 00 00 	................
00 00 00 00 00 00 00 00 00 00 00 00 00 00 00 00 	................
00 00 00 00 00 00 00 00 00 00 00 00 00 00 00 00 	................
00 00 00 00 00 00 00 00 00 00 00 00 00 00 00 00 	................
00 00 00 00 00 00 00 00 00 00 00 00 00 00 00 00 	................
00 00 00 00 00 00 00 00 00 00 00 00 00 00 00 00 	................
00 00 00 00 00 00 00 00 00 00 00 00 00 00 00 00 	................
00 00 00 00 00 00 00 00 00 00 00 00 00 00 00 00 	................
00 00 00 00 00 00 00 00 00 00 00 00 00 00 00 00 	................
00 00 00 00 00 00 00 00 00 00 00 00 00 00 00 00 	................
00 00 00 00 00 00 00 00 00 00 00 00 00 00 00 00 	................
00 00 00 00 00 00 00 00 00 00 00 00 00 00 00 00 	................
00 00 00 00 00 00 00 00 00 00 00 00 00 00 00 00 	................
00 00 00 00 00 00 00 00 00 00 00 00 00 00 00 00 	................
00 00 00 00 00 00 00 00 00 00 00 00 00 00 00 00 	................
00 00 00 00 00 00 00 00 00 00 00 00 00 00 00 00 	................
00 00 00 00 00 00 00 00 00 00 00 00 00 00 00 00 	................
00 00 00 00 00 00 00 00 00 00 00 00 00 00 00 00 	................
00 00 00 00 00 00 00 00 00 00 00 00 00 00 00 00 	................
00 00 00 00 00 00 00 00 00 00 00 00 00 00 00 00 	................
00 00 00 00 00 00 00 00 00 00 00 00 00 00 00 00 	................
00 00 00 00 00 00 00 00 00 00 00 00 00 00 00 00 	................
00 00 00 00 00 00 00 00 00 00 00 00             	............    
1     secs.  0.0009999 Kmsgs/sec.  5.599 Kbps
[topic1][LBTRM:10.29.4.105:14393:1599718b:239.101.3.3:14400[2022392472]][12], 700 bytes
6d 65 73 73 61 67 65 20 31 32 00 00 00 00 00 00 	message 12......
00 00 00 00 00 00 00 00 00 00 00 00 00 00 00 00 	................
00 00 00 00 00 00 00 00 00 00 00 00 00 00 00 00 	................
00 00 00 00 00 00 00 00 00 00 00 00 00 00 00 00 	................
00 00 00 00 00 00 00 00 00 00 00 00 00 00 00 00 	................
00 00 00 00 00 00 00 00 00 00 00 00 00 00 00 00 	................
00 00 00 00 00 00 00 00 00 00 00 00 00 00 00 00 	................
00 00 00 00 00 00 00 00 00 00 00 00 00 00 00 00 	................
00 00 00 00 00 00 00 00 00 00 00 00 00 00 00 00 	................
00 00 00 00 00 00 00 00 00 00 00 00 00 00 00 00 	................
00 00 00 00 00 00 00 00 00 00 00 00 00 00 00 00 	................
00 00 00 00 00 00 00 00 00 00 00 00 00 00 00 00 	................
00 00 00 00 00 00 00 00 00 00 00 00 00 00 00 00 	................
00 00 00 00 00 00 00 00 00 00 00 00 00 00 00 00 	................
00 00 00 00 00 00 00 00 00 00 00 00 00 00 00 00 	................
00 00 00 00 00 00 00 00 00 00 00 00 00 00 00 00 	................
00 00 00 00 00 00 00 00 00 00 00 00 00 00 00 00 	................
00 00 00 00 00 00 00 00 00 00 00 00 00 00 00 00 	................
00 00 00 00 00 00 00 00 00 00 00 00 00 00 00 00 	................
00 00 00 00 00 00 00 00 00 00 00 00 00 00 00 00 	................
00 00 00 00 00 00 00 00 00 00 00 00 00 00 00 00 	................
00 00 00 00 00 00 00 00 00 00 00 00 00 00 00 00 	................
00 00 00 00 00 00 00 00 00 00 00 00 00 00 00 00 	................
00 00 00 00 00 00 00 00 00 00 00 00 00 00 00 00 	................
00 00 00 00 00 00 00 00 00 00 00 00 00 00 00 00 	................
00 00 00 00 00 00 00 00 00 00 00 00 00 00 00 00 	................
00 00 00 00 00 00 00 00 00 00 00 00 00 00 00 00 	................
00 00 00 00 00 00 00 00 00 00 00 00 00 00 00 00 	................
00 00 00 00 00 00 00 00 00 00 00 00 00 00 00 00 	................
00 00 00 00 00 00 00 00 00 00 00 00 00 00 00 00 	................
00 00 00 00 00 00 00 00 00 00 00 00 00 00 00 00 	................
00 00 00 00 00 00 00 00 00 00 00 00 00 00 00 00 	................
00 00 00 00 00 00 00 00 00 00 00 00 00 00 00 00 	................
00 00 00 00 00 00 00 00 00 00 00 00 00 00 00 00 	................
00 00 00 00 00 00 00 00 00 00 00 00 00 00 00 00 	................
00 00 00 00 00 00 00 00 00 00 00 00 00 00 00 00 	................
00 00 00 00 00 00 00 00 00 00 00 00 00 00 00 00 	................
00 00 00 00 00 00 00 00 00 00 00 00 00 00 00 00 	................
00 00 00 00 00 00 00 00 00 00 00 00 00 00 00 00 	................
00 00 00 00 00 00 00 00 00 00 00 00 00 00 00 00 	................
00 00 00 00 00 00 00 00 00 00 00 00 00 00 00 00 	................
00 00 00 00 00 00 00 00 00 00 00 00 00 00 00 00 	................
00 00 00 00 00 00 00 00 00 00 00 00 00 00 00 00 	................
00 00 00 00 00 00 00 00 00 00 00 00             	............    
1     secs.  0.0009997 Kmsgs/sec.  5.598 Kbps
[topic1][LBTRM:10.29.4.105:14393:1599718b:239.101.3.3:14400[2022392472]][13], 700 bytes
6d 65 73 73 61 67 65 20 31 33 00 00 00 00 00 00 	message 13......
00 00 00 00 00 00 00 00 00 00 00 00 00 00 00 00 	................
00 00 00 00 00 00 00 00 00 00 00 00 00 00 00 00 	................
00 00 00 00 00 00 00 00 00 00 00 00 00 00 00 00 	................
00 00 00 00 00 00 00 00 00 00 00 00 00 00 00 00 	................
00 00 00 00 00 00 00 00 00 00 00 00 00 00 00 00 	................
00 00 00 00 00 00 00 00 00 00 00 00 00 00 00 00 	................
00 00 00 00 00 00 00 00 00 00 00 00 00 00 00 00 	................
00 00 00 00 00 00 00 00 00 00 00 00 00 00 00 00 	................
00 00 00 00 00 00 00 00 00 00 00 00 00 00 00 00 	................
00 00 00 00 00 00 00 00 00 00 00 00 00 00 00 00 	................
00 00 00 00 00 00 00 00 00 00 00 00 00 00 00 00 	................
00 00 00 00 00 00 00 00 00 00 00 00 00 00 00 00 	................
00 00 00 00 00 00 00 00 00 00 00 00 00 00 00 00 	................
00 00 00 00 00 00 00 00 00 00 00 00 00 00 00 00 	................
00 00 00 00 00 00 00 00 00 00 00 00 00 00 00 00 	................
00 00 00 00 00 00 00 00 00 00 00 00 00 00 00 00 	................
00 00 00 00 00 00 00 00 00 00 00 00 00 00 00 00 	................
00 00 00 00 00 00 00 00 00 00 00 00 00 00 00 00 	................
00 00 00 00 00 00 00 00 00 00 00 00 00 00 00 00 	................
00 00 00 00 00 00 00 00 00 00 00 00 00 00 00 00 	................
00 00 00 00 00 00 00 00 00 00 00 00 00 00 00 00 	................
00 00 00 00 00 00 00 00 00 00 00 00 00 00 00 00 	................
00 00 00 00 00 00 00 00 00 00 00 00 00 00 00 00 	................
00 00 00 00 00 00 00 00 00 00 00 00 00 00 00 00 	................
00 00 00 00 00 00 00 00 00 00 00 00 00 00 00 00 	................
00 00 00 00 00 00 00 00 00 00 00 00 00 00 00 00 	................
00 00 00 00 00 00 00 00 00 00 00 00 00 00 00 00 	................
00 00 00 00 00 00 00 00 00 00 00 00 00 00 00 00 	................
00 00 00 00 00 00 00 00 00 00 00 00 00 00 00 00 	................
00 00 00 00 00 00 00 00 00 00 00 00 00 00 00 00 	................
00 00 00 00 00 00 00 00 00 00 00 00 00 00 00 00 	................
00 00 00 00 00 00 00 00 00 00 00 00 00 00 00 00 	................
00 00 00 00 00 00 00 00 00 00 00 00 00 00 00 00 	................
00 00 00 00 00 00 00 00 00 00 00 00 00 00 00 00 	................
00 00 00 00 00 00 00 00 00 00 00 00 00 00 00 00 	................
00 00 00 00 00 00 00 00 00 00 00 00 00 00 00 00 	................
00 00 00 00 00 00 00 00 00 00 00 00 00 00 00 00 	................
00 00 00 00 00 00 00 00 00 00 00 00 00 00 00 00 	................
00 00 00 00 00 00 00 00 00 00 00 00 00 00 00 00 	................
00 00 00 00 00 00 00 00 00 00 00 00 00 00 00 00 	................
00 00 00 00 00 00 00 00 00 00 00 00 00 00 00 00 	................
00 00 00 00 00 00 00 00 00 00 00 00 00 00 00 00 	................
00 00 00 00 00 00 00 00 00 00 00 00             	............    
1     secs.  0.0009997 Kmsgs/sec.  5.599 Kbps
[topic1][LBTRM:10.29.4.105:14393:1599718b:239.101.3.3:14400[2022392472]][14], 700 bytes
6d 65 73 73 61 67 65 20 31 34 00 00 00 00 00 00 	message 14......
00 00 00 00 00 00 00 00 00 00 00 00 00 00 00 00 	................
00 00 00 00 00 00 00 00 00 00 00 00 00 00 00 00 	................
00 00 00 00 00 00 00 00 00 00 00 00 00 00 00 00 	................
00 00 00 00 00 00 00 00 00 00 00 00 00 00 00 00 	................
00 00 00 00 00 00 00 00 00 00 00 00 00 00 00 00 	................
00 00 00 00 00 00 00 00 00 00 00 00 00 00 00 00 	................
00 00 00 00 00 00 00 00 00 00 00 00 00 00 00 00 	................
00 00 00 00 00 00 00 00 00 00 00 00 00 00 00 00 	................
00 00 00 00 00 00 00 00 00 00 00 00 00 00 00 00 	................
00 00 00 00 00 00 00 00 00 00 00 00 00 00 00 00 	................
00 00 00 00 00 00 00 00 00 00 00 00 00 00 00 00 	................
00 00 00 00 00 00 00 00 00 00 00 00 00 00 00 00 	................
00 00 00 00 00 00 00 00 00 00 00 00 00 00 00 00 	................
00 00 00 00 00 00 00 00 00 00 00 00 00 00 00 00 	................
00 00 00 00 00 00 00 00 00 00 00 00 00 00 00 00 	................
00 00 00 00 00 00 00 00 00 00 00 00 00 00 00 00 	................
00 00 00 00 00 00 00 00 00 00 00 00 00 00 00 00 	................
00 00 00 00 00 00 00 00 00 00 00 00 00 00 00 00 	................
00 00 00 00 00 00 00 00 00 00 00 00 00 00 00 00 	................
00 00 00 00 00 00 00 00 00 00 00 00 00 00 00 00 	................
00 00 00 00 00 00 00 00 00 00 00 00 00 00 00 00 	................
00 00 00 00 00 00 00 00 00 00 00 00 00 00 00 00 	................
00 00 00 00 00 00 00 00 00 00 00 00 00 00 00 00 	................
00 00 00 00 00 00 00 00 00 00 00 00 00 00 00 00 	................
00 00 00 00 00 00 00 00 00 00 00 00 00 00 00 00 	................
00 00 00 00 00 00 00 00 00 00 00 00 00 00 00 00 	................
00 00 00 00 00 00 00 00 00 00 00 00 00 00 00 00 	................
00 00 00 00 00 00 00 00 00 00 00 00 00 00 00 00 	................
00 00 00 00 00 00 00 00 00 00 00 00 00 00 00 00 	................
00 00 00 00 00 00 00 00 00 00 00 00 00 00 00 00 	................
00 00 00 00 00 00 00 00 00 00 00 00 00 00 00 00 	................
00 00 00 00 00 00 00 00 00 00 00 00 00 00 00 00 	................
00 00 00 00 00 00 00 00 00 00 00 00 00 00 00 00 	................
00 00 00 00 00 00 00 00 00 00 00 00 00 00 00 00 	................
00 00 00 00 00 00 00 00 00 00 00 00 00 00 00 00 	................
00 00 00 00 00 00 00 00 00 00 00 00 00 00 00 00 	................
00 00 00 00 00 00 00 00 00 00 00 00 00 00 00 00 	................
00 00 00 00 00 00 00 00 00 00 00 00 00 00 00 00 	................
00 00 00 00 00 00 00 00 00 00 00 00 00 00 00 00 	................
00 00 00 00 00 00 00 00 00 00 00 00 00 00 00 00 	................
00 00 00 00 00 00 00 00 00 00 00 00 00 00 00 00 	................
00 00 00 00 00 00 00 00 00 00 00 00 00 00 00 00 	................
00 00 00 00 00 00 00 00 00 00 00 00             	............    
1     secs.  0.0009998 Kmsgs/sec.  5.599 Kbps
[topic1][LBTRM:10.29.4.105:14393:1599718b:239.101.3.3:14400[2022392472]][15], 700 bytes
6d 65 73 73 61 67 65 20 31 35 00 00 00 00 00 00 	message 15......
00 00 00 00 00 00 00 00 00 00 00 00 00 00 00 00 	................
00 00 00 00 00 00 00 00 00 00 00 00 00 00 00 00 	................
00 00 00 00 00 00 00 00 00 00 00 00 00 00 00 00 	................
00 00 00 00 00 00 00 00 00 00 00 00 00 00 00 00 	................
00 00 00 00 00 00 00 00 00 00 00 00 00 00 00 00 	................
00 00 00 00 00 00 00 00 00 00 00 00 00 00 00 00 	................
00 00 00 00 00 00 00 00 00 00 00 00 00 00 00 00 	................
00 00 00 00 00 00 00 00 00 00 00 00 00 00 00 00 	................
00 00 00 00 00 00 00 00 00 00 00 00 00 00 00 00 	................
00 00 00 00 00 00 00 00 00 00 00 00 00 00 00 00 	................
00 00 00 00 00 00 00 00 00 00 00 00 00 00 00 00 	................
00 00 00 00 00 00 00 00 00 00 00 00 00 00 00 00 	................
00 00 00 00 00 00 00 00 00 00 00 00 00 00 00 00 	................
00 00 00 00 00 00 00 00 00 00 00 00 00 00 00 00 	................
00 00 00 00 00 00 00 00 00 00 00 00 00 00 00 00 	................
00 00 00 00 00 00 00 00 00 00 00 00 00 00 00 00 	................
00 00 00 00 00 00 00 00 00 00 00 00 00 00 00 00 	................
00 00 00 00 00 00 00 00 00 00 00 00 00 00 00 00 	................
00 00 00 00 00 00 00 00 00 00 00 00 00 00 00 00 	................
00 00 00 00 00 00 00 00 00 00 00 00 00 00 00 00 	................
00 00 00 00 00 00 00 00 00 00 00 00 00 00 00 00 	................
00 00 00 00 00 00 00 00 00 00 00 00 00 00 00 00 	................
00 00 00 00 00 00 00 00 00 00 00 00 00 00 00 00 	................
00 00 00 00 00 00 00 00 00 00 00 00 00 00 00 00 	................
00 00 00 00 00 00 00 00 00 00 00 00 00 00 00 00 	................
00 00 00 00 00 00 00 00 00 00 00 00 00 00 00 00 	................
00 00 00 00 00 00 00 00 00 00 00 00 00 00 00 00 	................
00 00 00 00 00 00 00 00 00 00 00 00 00 00 00 00 	................
00 00 00 00 00 00 00 00 00 00 00 00 00 00 00 00 	................
00 00 00 00 00 00 00 00 00 00 00 00 00 00 00 00 	................
00 00 00 00 00 00 00 00 00 00 00 00 00 00 00 00 	................
00 00 00 00 00 00 00 00 00 00 00 00 00 00 00 00 	................
00 00 00 00 00 00 00 00 00 00 00 00 00 00 00 00 	................
00 00 00 00 00 00 00 00 00 00 00 00 00 00 00 00 	................
00 00 00 00 00 00 00 00 00 00 00 00 00 00 00 00 	................
00 00 00 00 00 00 00 00 00 00 00 00 00 00 00 00 	................
00 00 00 00 00 00 00 00 00 00 00 00 00 00 00 00 	................
00 00 00 00 00 00 00 00 00 00 00 00 00 00 00 00 	................
00 00 00 00 00 00 00 00 00 00 00 00 00 00 00 00 	................
00 00 00 00 00 00 00 00 00 00 00 00 00 00 00 00 	................
00 00 00 00 00 00 00 00 00 00 00 00 00 00 00 00 	................
00 00 00 00 00 00 00 00 00 00 00 00 00 00 00 00 	................
00 00 00 00 00 00 00 00 00 00 00 00             	............    
1     secs.  0.0009997 Kmsgs/sec.  5.598 Kbps
[topic1][LBTRM:10.29.4.105:14393:1599718b:239.101.3.3:14400[2022392472]][16], 700 bytes
6d 65 73 73 61 67 65 20 31 36 00 00 00 00 00 00 	message 16......
00 00 00 00 00 00 00 00 00 00 00 00 00 00 00 00 	................
00 00 00 00 00 00 00 00 00 00 00 00 00 00 00 00 	................
00 00 00 00 00 00 00 00 00 00 00 00 00 00 00 00 	................
00 00 00 00 00 00 00 00 00 00 00 00 00 00 00 00 	................
00 00 00 00 00 00 00 00 00 00 00 00 00 00 00 00 	................
00 00 00 00 00 00 00 00 00 00 00 00 00 00 00 00 	................
00 00 00 00 00 00 00 00 00 00 00 00 00 00 00 00 	................
00 00 00 00 00 00 00 00 00 00 00 00 00 00 00 00 	................
00 00 00 00 00 00 00 00 00 00 00 00 00 00 00 00 	................
00 00 00 00 00 00 00 00 00 00 00 00 00 00 00 00 	................
00 00 00 00 00 00 00 00 00 00 00 00 00 00 00 00 	................
00 00 00 00 00 00 00 00 00 00 00 00 00 00 00 00 	................
00 00 00 00 00 00 00 00 00 00 00 00 00 00 00 00 	................
00 00 00 00 00 00 00 00 00 00 00 00 00 00 00 00 	................
00 00 00 00 00 00 00 00 00 00 00 00 00 00 00 00 	................
00 00 00 00 00 00 00 00 00 00 00 00 00 00 00 00 	................
00 00 00 00 00 00 00 00 00 00 00 00 00 00 00 00 	................
00 00 00 00 00 00 00 00 00 00 00 00 00 00 00 00 	................
00 00 00 00 00 00 00 00 00 00 00 00 00 00 00 00 	................
00 00 00 00 00 00 00 00 00 00 00 00 00 00 00 00 	................
00 00 00 00 00 00 00 00 00 00 00 00 00 00 00 00 	................
00 00 00 00 00 00 00 00 00 00 00 00 00 00 00 00 	................
00 00 00 00 00 00 00 00 00 00 00 00 00 00 00 00 	................
00 00 00 00 00 00 00 00 00 00 00 00 00 00 00 00 	................
00 00 00 00 00 00 00 00 00 00 00 00 00 00 00 00 	................
00 00 00 00 00 00 00 00 00 00 00 00 00 00 00 00 	................
00 00 00 00 00 00 00 00 00 00 00 00 00 00 00 00 	................
00 00 00 00 00 00 00 00 00 00 00 00 00 00 00 00 	................
00 00 00 00 00 00 00 00 00 00 00 00 00 00 00 00 	................
00 00 00 00 00 00 00 00 00 00 00 00 00 00 00 00 	................
00 00 00 00 00 00 00 00 00 00 00 00 00 00 00 00 	................
00 00 00 00 00 00 00 00 00 00 00 00 00 00 00 00 	................
00 00 00 00 00 00 00 00 00 00 00 00 00 00 00 00 	................
00 00 00 00 00 00 00 00 00 00 00 00 00 00 00 00 	................
00 00 00 00 00 00 00 00 00 00 00 00 00 00 00 00 	................
00 00 00 00 00 00 00 00 00 00 00 00 00 00 00 00 	................
00 00 00 00 00 00 00 00 00 00 00 00 00 00 00 00 	................
00 00 00 00 00 00 00 00 00 00 00 00 00 00 00 00 	................
00 00 00 00 00 00 00 00 00 00 00 00 00 00 00 00 	................
00 00 00 00 00 00 00 00 00 00 00 00 00 00 00 00 	................
00 00 00 00 00 00 00 00 00 00 00 00 00 00 00 00 	................
00 00 00 00 00 00 00 00 00 00 00 00 00 00 00 00 	................
00 00 00 00 00 00 00 00 00 00 00 00             	............    
1     secs.  0.0009998 Kmsgs/sec.  5.599 Kbps
[topic1][LBTRM:10.29.4.105:14393:1599718b:239.101.3.3:14400[2022392472]][17], 700 bytes
6d 65 73 73 61 67 65 20 31 37 00 00 00 00 00 00 	message 17......
00 00 00 00 00 00 00 00 00 00 00 00 00 00 00 00 	................
00 00 00 00 00 00 00 00 00 00 00 00 00 00 00 00 	................
00 00 00 00 00 00 00 00 00 00 00 00 00 00 00 00 	................
00 00 00 00 00 00 00 00 00 00 00 00 00 00 00 00 	................
00 00 00 00 00 00 00 00 00 00 00 00 00 00 00 00 	................
00 00 00 00 00 00 00 00 00 00 00 00 00 00 00 00 	................
00 00 00 00 00 00 00 00 00 00 00 00 00 00 00 00 	................
00 00 00 00 00 00 00 00 00 00 00 00 00 00 00 00 	................
00 00 00 00 00 00 00 00 00 00 00 00 00 00 00 00 	................
00 00 00 00 00 00 00 00 00 00 00 00 00 00 00 00 	................
00 00 00 00 00 00 00 00 00 00 00 00 00 00 00 00 	................
00 00 00 00 00 00 00 00 00 00 00 00 00 00 00 00 	................
00 00 00 00 00 00 00 00 00 00 00 00 00 00 00 00 	................
00 00 00 00 00 00 00 00 00 00 00 00 00 00 00 00 	................
00 00 00 00 00 00 00 00 00 00 00 00 00 00 00 00 	................
00 00 00 00 00 00 00 00 00 00 00 00 00 00 00 00 	................
00 00 00 00 00 00 00 00 00 00 00 00 00 00 00 00 	................
00 00 00 00 00 00 00 00 00 00 00 00 00 00 00 00 	................
00 00 00 00 00 00 00 00 00 00 00 00 00 00 00 00 	................
00 00 00 00 00 00 00 00 00 00 00 00 00 00 00 00 	................
00 00 00 00 00 00 00 00 00 00 00 00 00 00 00 00 	................
00 00 00 00 00 00 00 00 00 00 00 00 00 00 00 00 	................
00 00 00 00 00 00 00 00 00 00 00 00 00 00 00 00 	................
00 00 00 00 00 00 00 00 00 00 00 00 00 00 00 00 	................
00 00 00 00 00 00 00 00 00 00 00 00 00 00 00 00 	................
00 00 00 00 00 00 00 00 00 00 00 00 00 00 00 00 	................
00 00 00 00 00 00 00 00 00 00 00 00 00 00 00 00 	................
00 00 00 00 00 00 00 00 00 00 00 00 00 00 00 00 	................
00 00 00 00 00 00 00 00 00 00 00 00 00 00 00 00 	................
00 00 00 00 00 00 00 00 00 00 00 00 00 00 00 00 	................
00 00 00 00 00 00 00 00 00 00 00 00 00 00 00 00 	................
00 00 00 00 00 00 00 00 00 00 00 00 00 00 00 00 	................
00 00 00 00 00 00 00 00 00 00 00 00 00 00 00 00 	................
00 00 00 00 00 00 00 00 00 00 00 00 00 00 00 00 	................
00 00 00 00 00 00 00 00 00 00 00 00 00 00 00 00 	................
00 00 00 00 00 00 00 00 00 00 00 00 00 00 00 00 	................
00 00 00 00 00 00 00 00 00 00 00 00 00 00 00 00 	................
00 00 00 00 00 00 00 00 00 00 00 00 00 00 00 00 	................
00 00 00 00 00 00 00 00 00 00 00 00 00 00 00 00 	................
00 00 00 00 00 00 00 00 00 00 00 00 00 00 00 00 	................
00 00 00 00 00 00 00 00 00 00 00 00 00 00 00 00 	................
00 00 00 00 00 00 00 00 00 00 00 00 00 00 00 00 	................
00 00 00 00 00 00 00 00 00 00 00 00             	............    
1     secs.  0.0009999 Kmsgs/sec.  5.6   Kbps
[topic1][LBTRM:10.29.4.105:14393:1599718b:239.101.3.3:14400[2022392472]][18], 700 bytes
6d 65 73 73 61 67 65 20 31 38 00 00 00 00 00 00 	message 18......
00 00 00 00 00 00 00 00 00 00 00 00 00 00 00 00 	................
00 00 00 00 00 00 00 00 00 00 00 00 00 00 00 00 	................
00 00 00 00 00 00 00 00 00 00 00 00 00 00 00 00 	................
00 00 00 00 00 00 00 00 00 00 00 00 00 00 00 00 	................
00 00 00 00 00 00 00 00 00 00 00 00 00 00 00 00 	................
00 00 00 00 00 00 00 00 00 00 00 00 00 00 00 00 	................
00 00 00 00 00 00 00 00 00 00 00 00 00 00 00 00 	................
00 00 00 00 00 00 00 00 00 00 00 00 00 00 00 00 	................
00 00 00 00 00 00 00 00 00 00 00 00 00 00 00 00 	................
00 00 00 00 00 00 00 00 00 00 00 00 00 00 00 00 	................
00 00 00 00 00 00 00 00 00 00 00 00 00 00 00 00 	................
00 00 00 00 00 00 00 00 00 00 00 00 00 00 00 00 	................
00 00 00 00 00 00 00 00 00 00 00 00 00 00 00 00 	................
00 00 00 00 00 00 00 00 00 00 00 00 00 00 00 00 	................
00 00 00 00 00 00 00 00 00 00 00 00 00 00 00 00 	................
00 00 00 00 00 00 00 00 00 00 00 00 00 00 00 00 	................
00 00 00 00 00 00 00 00 00 00 00 00 00 00 00 00 	................
00 00 00 00 00 00 00 00 00 00 00 00 00 00 00 00 	................
00 00 00 00 00 00 00 00 00 00 00 00 00 00 00 00 	................
00 00 00 00 00 00 00 00 00 00 00 00 00 00 00 00 	................
00 00 00 00 00 00 00 00 00 00 00 00 00 00 00 00 	................
00 00 00 00 00 00 00 00 00 00 00 00 00 00 00 00 	................
00 00 00 00 00 00 00 00 00 00 00 00 00 00 00 00 	................
00 00 00 00 00 00 00 00 00 00 00 00 00 00 00 00 	................
00 00 00 00 00 00 00 00 00 00 00 00 00 00 00 00 	................
00 00 00 00 00 00 00 00 00 00 00 00 00 00 00 00 	................
00 00 00 00 00 00 00 00 00 00 00 00 00 00 00 00 	................
00 00 00 00 00 00 00 00 00 00 00 00 00 00 00 00 	................
00 00 00 00 00 00 00 00 00 00 00 00 00 00 00 00 	................
00 00 00 00 00 00 00 00 00 00 00 00 00 00 00 00 	................
00 00 00 00 00 00 00 00 00 00 00 00 00 00 00 00 	................
00 00 00 00 00 00 00 00 00 00 00 00 00 00 00 00 	................
00 00 00 00 00 00 00 00 00 00 00 00 00 00 00 00 	................
00 00 00 00 00 00 00 00 00 00 00 00 00 00 00 00 	................
00 00 00 00 00 00 00 00 00 00 00 00 00 00 00 00 	................
00 00 00 00 00 00 00 00 00 00 00 00 00 00 00 00 	................
00 00 00 00 00 00 00 00 00 00 00 00 00 00 00 00 	................
00 00 00 00 00 00 00 00 00 00 00 00 00 00 00 00 	................
00 00 00 00 00 00 00 00 00 00 00 00 00 00 00 00 	................
00 00 00 00 00 00 00 00 00 00 00 00 00 00 00 00 	................
00 00 00 00 00 00 00 00 00 00 00 00 00 00 00 00 	................
00 00 00 00 00 00 00 00 00 00 00 00 00 00 00 00 	................
00 00 00 00 00 00 00 00 00 00 00 00             	............    
1     secs.  0.0009997 Kmsgs/sec.  5.598 Kbps
[topic1][LBTRM:10.29.4.105:14393:1599718b:239.101.3.3:14400[2022392472]][19], 700 bytes
6d 65 73 73 61 67 65 20 31 39 00 00 00 00 00 00 	message 19......
00 00 00 00 00 00 00 00 00 00 00 00 00 00 00 00 	................
00 00 00 00 00 00 00 00 00 00 00 00 00 00 00 00 	................
00 00 00 00 00 00 00 00 00 00 00 00 00 00 00 00 	................
00 00 00 00 00 00 00 00 00 00 00 00 00 00 00 00 	................
00 00 00 00 00 00 00 00 00 00 00 00 00 00 00 00 	................
00 00 00 00 00 00 00 00 00 00 00 00 00 00 00 00 	................
00 00 00 00 00 00 00 00 00 00 00 00 00 00 00 00 	................
00 00 00 00 00 00 00 00 00 00 00 00 00 00 00 00 	................
00 00 00 00 00 00 00 00 00 00 00 00 00 00 00 00 	................
00 00 00 00 00 00 00 00 00 00 00 00 00 00 00 00 	................
00 00 00 00 00 00 00 00 00 00 00 00 00 00 00 00 	................
00 00 00 00 00 00 00 00 00 00 00 00 00 00 00 00 	................
00 00 00 00 00 00 00 00 00 00 00 00 00 00 00 00 	................
00 00 00 00 00 00 00 00 00 00 00 00 00 00 00 00 	................
00 00 00 00 00 00 00 00 00 00 00 00 00 00 00 00 	................
00 00 00 00 00 00 00 00 00 00 00 00 00 00 00 00 	................
00 00 00 00 00 00 00 00 00 00 00 00 00 00 00 00 	................
00 00 00 00 00 00 00 00 00 00 00 00 00 00 00 00 	................
00 00 00 00 00 00 00 00 00 00 00 00 00 00 00 00 	................
00 00 00 00 00 00 00 00 00 00 00 00 00 00 00 00 	................
00 00 00 00 00 00 00 00 00 00 00 00 00 00 00 00 	................
00 00 00 00 00 00 00 00 00 00 00 00 00 00 00 00 	................
00 00 00 00 00 00 00 00 00 00 00 00 00 00 00 00 	................
00 00 00 00 00 00 00 00 00 00 00 00 00 00 00 00 	................
00 00 00 00 00 00 00 00 00 00 00 00 00 00 00 00 	................
00 00 00 00 00 00 00 00 00 00 00 00 00 00 00 00 	................
00 00 00 00 00 00 00 00 00 00 00 00 00 00 00 00 	................
00 00 00 00 00 00 00 00 00 00 00 00 00 00 00 00 	................
00 00 00 00 00 00 00 00 00 00 00 00 00 00 00 00 	................
00 00 00 00 00 00 00 00 00 00 00 00 00 00 00 00 	................
00 00 00 00 00 00 00 00 00 00 00 00 00 00 00 00 	................
00 00 00 00 00 00 00 00 00 00 00 00 00 00 00 00 	................
00 00 00 00 00 00 00 00 00 00 00 00 00 00 00 00 	................
00 00 00 00 00 00 00 00 00 00 00 00 00 00 00 00 	................
00 00 00 00 00 00 00 00 00 00 00 00 00 00 00 00 	................
00 00 00 00 00 00 00 00 00 00 00 00 00 00 00 00 	................
00 00 00 00 00 00 00 00 00 00 00 00 00 00 00 00 	................
00 00 00 00 00 00 00 00 00 00 00 00 00 00 00 00 	................
00 00 00 00 00 00 00 00 00 00 00 00 00 00 00 00 	................
00 00 00 00 00 00 00 00 00 00 00 00 00 00 00 00 	................
00 00 00 00 00 00 00 00 00 00 00 00 00 00 00 00 	................
00 00 00 00 00 00 00 00 00 00 00 00 00 00 00 00 	................
00 00 00 00 00 00 00 00 00 00 00 00             	............    
1     secs.  0.0009996 Kmsgs/sec.  5.598 Kbps
[topic1][LBTRM:10.29.4.105:14393:1599718b:239.101.3.3:14400[2022392472]][20], 700 bytes
6d 65 73 73 61 67 65 20 32 30 00 00 00 00 00 00 	message 20......
00 00 00 00 00 00 00 00 00 00 00 00 00 00 00 00 	................
00 00 00 00 00 00 00 00 00 00 00 00 00 00 00 00 	................
00 00 00 00 00 00 00 00 00 00 00 00 00 00 00 00 	................
00 00 00 00 00 00 00 00 00 00 00 00 00 00 00 00 	................
00 00 00 00 00 00 00 00 00 00 00 00 00 00 00 00 	................
00 00 00 00 00 00 00 00 00 00 00 00 00 00 00 00 	................
00 00 00 00 00 00 00 00 00 00 00 00 00 00 00 00 	................
00 00 00 00 00 00 00 00 00 00 00 00 00 00 00 00 	................
00 00 00 00 00 00 00 00 00 00 00 00 00 00 00 00 	................
00 00 00 00 00 00 00 00 00 00 00 00 00 00 00 00 	................
00 00 00 00 00 00 00 00 00 00 00 00 00 00 00 00 	................
00 00 00 00 00 00 00 00 00 00 00 00 00 00 00 00 	................
00 00 00 00 00 00 00 00 00 00 00 00 00 00 00 00 	................
00 00 00 00 00 00 00 00 00 00 00 00 00 00 00 00 	................
00 00 00 00 00 00 00 00 00 00 00 00 00 00 00 00 	................
00 00 00 00 00 00 00 00 00 00 00 00 00 00 00 00 	................
00 00 00 00 00 00 00 00 00 00 00 00 00 00 00 00 	................
00 00 00 00 00 00 00 00 00 00 00 00 00 00 00 00 	................
00 00 00 00 00 00 00 00 00 00 00 00 00 00 00 00 	................
00 00 00 00 00 00 00 00 00 00 00 00 00 00 00 00 	................
00 00 00 00 00 00 00 00 00 00 00 00 00 00 00 00 	................
00 00 00 00 00 00 00 00 00 00 00 00 00 00 00 00 	................
00 00 00 00 00 00 00 00 00 00 00 00 00 00 00 00 	................
00 00 00 00 00 00 00 00 00 00 00 00 00 00 00 00 	................
00 00 00 00 00 00 00 00 00 00 00 00 00 00 00 00 	................
00 00 00 00 00 00 00 00 00 00 00 00 00 00 00 00 	................
00 00 00 00 00 00 00 00 00 00 00 00 00 00 00 00 	................
00 00 00 00 00 00 00 00 00 00 00 00 00 00 00 00 	................
00 00 00 00 00 00 00 00 00 00 00 00 00 00 00 00 	................
00 00 00 00 00 00 00 00 00 00 00 00 00 00 00 00 	................
00 00 00 00 00 00 00 00 00 00 00 00 00 00 00 00 	................
00 00 00 00 00 00 00 00 00 00 00 00 00 00 00 00 	................
00 00 00 00 00 00 00 00 00 00 00 00 00 00 00 00 	................
00 00 00 00 00 00 00 00 00 00 00 00 00 00 00 00 	................
00 00 00 00 00 00 00 00 00 00 00 00 00 00 00 00 	................
00 00 00 00 00 00 00 00 00 00 00 00 00 00 00 00 	................
00 00 00 00 00 00 00 00 00 00 00 00 00 00 00 00 	................
00 00 00 00 00 00 00 00 00 00 00 00 00 00 00 00 	................
00 00 00 00 00 00 00 00 00 00 00 00 00 00 00 00 	................
00 00 00 00 00 00 00 00 00 00 00 00 00 00 00 00 	................
00 00 00 00 00 00 00 00 00 00 00 00 00 00 00 00 	................
00 00 00 00 00 00 00 00 00 00 00 00 00 00 00 00 	................
00 00 00 00 00 00 00 00 00 00 00 00             	............    
1     secs.  0.0009998 Kmsgs/sec.  5.599 Kbps
[topic1][LBTRM:10.29.4.105:14393:1599718b:239.101.3.3:14400[2022392472]][21], 700 bytes
6d 65 73 73 61 67 65 20 32 31 00 00 00 00 00 00 	message 21......
00 00 00 00 00 00 00 00 00 00 00 00 00 00 00 00 	................
00 00 00 00 00 00 00 00 00 00 00 00 00 00 00 00 	................
00 00 00 00 00 00 00 00 00 00 00 00 00 00 00 00 	................
00 00 00 00 00 00 00 00 00 00 00 00 00 00 00 00 	................
00 00 00 00 00 00 00 00 00 00 00 00 00 00 00 00 	................
00 00 00 00 00 00 00 00 00 00 00 00 00 00 00 00 	................
00 00 00 00 00 00 00 00 00 00 00 00 00 00 00 00 	................
00 00 00 00 00 00 00 00 00 00 00 00 00 00 00 00 	................
00 00 00 00 00 00 00 00 00 00 00 00 00 00 00 00 	................
00 00 00 00 00 00 00 00 00 00 00 00 00 00 00 00 	................
00 00 00 00 00 00 00 00 00 00 00 00 00 00 00 00 	................
00 00 00 00 00 00 00 00 00 00 00 00 00 00 00 00 	................
00 00 00 00 00 00 00 00 00 00 00 00 00 00 00 00 	................
00 00 00 00 00 00 00 00 00 00 00 00 00 00 00 00 	................
00 00 00 00 00 00 00 00 00 00 00 00 00 00 00 00 	................
00 00 00 00 00 00 00 00 00 00 00 00 00 00 00 00 	................
00 00 00 00 00 00 00 00 00 00 00 00 00 00 00 00 	................
00 00 00 00 00 00 00 00 00 00 00 00 00 00 00 00 	................
00 00 00 00 00 00 00 00 00 00 00 00 00 00 00 00 	................
00 00 00 00 00 00 00 00 00 00 00 00 00 00 00 00 	................
00 00 00 00 00 00 00 00 00 00 00 00 00 00 00 00 	................
00 00 00 00 00 00 00 00 00 00 00 00 00 00 00 00 	................
00 00 00 00 00 00 00 00 00 00 00 00 00 00 00 00 	................
00 00 00 00 00 00 00 00 00 00 00 00 00 00 00 00 	................
00 00 00 00 00 00 00 00 00 00 00 00 00 00 00 00 	................
00 00 00 00 00 00 00 00 00 00 00 00 00 00 00 00 	................
00 00 00 00 00 00 00 00 00 00 00 00 00 00 00 00 	................
00 00 00 00 00 00 00 00 00 00 00 00 00 00 00 00 	................
00 00 00 00 00 00 00 00 00 00 00 00 00 00 00 00 	................
00 00 00 00 00 00 00 00 00 00 00 00 00 00 00 00 	................
00 00 00 00 00 00 00 00 00 00 00 00 00 00 00 00 	................
00 00 00 00 00 00 00 00 00 00 00 00 00 00 00 00 	................
00 00 00 00 00 00 00 00 00 00 00 00 00 00 00 00 	................
00 00 00 00 00 00 00 00 00 00 00 00 00 00 00 00 	................
00 00 00 00 00 00 00 00 00 00 00 00 00 00 00 00 	................
00 00 00 00 00 00 00 00 00 00 00 00 00 00 00 00 	................
00 00 00 00 00 00 00 00 00 00 00 00 00 00 00 00 	................
00 00 00 00 00 00 00 00 00 00 00 00 00 00 00 00 	................
00 00 00 00 00 00 00 00 00 00 00 00 00 00 00 00 	................
00 00 00 00 00 00 00 00 00 00 00 00 00 00 00 00 	................
00 00 00 00 00 00 00 00 00 00 00 00 00 00 00 00 	................
00 00 00 00 00 00 00 00 00 00 00 00 00 00 00 00 	................
00 00 00 00 00 00 00 00 00 00 00 00             	............    
1     secs.  0.0009998 Kmsgs/sec.  5.599 Kbps
[topic1][LBTRM:10.29.4.105:14393:1599718b:239.101.3.3:14400[2022392472]][22], 700 bytes
6d 65 73 73 61 67 65 20 32 32 00 00 00 00 00 00 	message 22......
00 00 00 00 00 00 00 00 00 00 00 00 00 00 00 00 	................
00 00 00 00 00 00 00 00 00 00 00 00 00 00 00 00 	................
00 00 00 00 00 00 00 00 00 00 00 00 00 00 00 00 	................
00 00 00 00 00 00 00 00 00 00 00 00 00 00 00 00 	................
00 00 00 00 00 00 00 00 00 00 00 00 00 00 00 00 	................
00 00 00 00 00 00 00 00 00 00 00 00 00 00 00 00 	................
00 00 00 00 00 00 00 00 00 00 00 00 00 00 00 00 	................
00 00 00 00 00 00 00 00 00 00 00 00 00 00 00 00 	................
00 00 00 00 00 00 00 00 00 00 00 00 00 00 00 00 	................
00 00 00 00 00 00 00 00 00 00 00 00 00 00 00 00 	................
00 00 00 00 00 00 00 00 00 00 00 00 00 00 00 00 	................
00 00 00 00 00 00 00 00 00 00 00 00 00 00 00 00 	................
00 00 00 00 00 00 00 00 00 00 00 00 00 00 00 00 	................
00 00 00 00 00 00 00 00 00 00 00 00 00 00 00 00 	................
00 00 00 00 00 00 00 00 00 00 00 00 00 00 00 00 	................
00 00 00 00 00 00 00 00 00 00 00 00 00 00 00 00 	................
00 00 00 00 00 00 00 00 00 00 00 00 00 00 00 00 	................
00 00 00 00 00 00 00 00 00 00 00 00 00 00 00 00 	................
00 00 00 00 00 00 00 00 00 00 00 00 00 00 00 00 	................
00 00 00 00 00 00 00 00 00 00 00 00 00 00 00 00 	................
00 00 00 00 00 00 00 00 00 00 00 00 00 00 00 00 	................
00 00 00 00 00 00 00 00 00 00 00 00 00 00 00 00 	................
00 00 00 00 00 00 00 00 00 00 00 00 00 00 00 00 	................
00 00 00 00 00 00 00 00 00 00 00 00 00 00 00 00 	................
00 00 00 00 00 00 00 00 00 00 00 00 00 00 00 00 	................
00 00 00 00 00 00 00 00 00 00 00 00 00 00 00 00 	................
00 00 00 00 00 00 00 00 00 00 00 00 00 00 00 00 	................
00 00 00 00 00 00 00 00 00 00 00 00 00 00 00 00 	................
00 00 00 00 00 00 00 00 00 00 00 00 00 00 00 00 	................
00 00 00 00 00 00 00 00 00 00 00 00 00 00 00 00 	................
00 00 00 00 00 00 00 00 00 00 00 00 00 00 00 00 	................
00 00 00 00 00 00 00 00 00 00 00 00 00 00 00 00 	................
00 00 00 00 00 00 00 00 00 00 00 00 00 00 00 00 	................
00 00 00 00 00 00 00 00 00 00 00 00 00 00 00 00 	................
00 00 00 00 00 00 00 00 00 00 00 00 00 00 00 00 	................
00 00 00 00 00 00 00 00 00 00 00 00 00 00 00 00 	................
00 00 00 00 00 00 00 00 00 00 00 00 00 00 00 00 	................
00 00 00 00 00 00 00 00 00 00 00 00 00 00 00 00 	................
00 00 00 00 00 00 00 00 00 00 00 00 00 00 00 00 	................
00 00 00 00 00 00 00 00 00 00 00 00 00 00 00 00 	................
00 00 00 00 00 00 00 00 00 00 00 00 00 00 00 00 	................
00 00 00 00 00 00 00 00 00 00 00 00 00 00 00 00 	................
00 00 00 00 00 00 00 00 00 00 00 00             	............    
1     secs.  0.0009999 Kmsgs/sec.  5.599 Kbps
[topic1][LBTRM:10.29.4.105:14393:1599718b:239.101.3.3:14400[2022392472]][23], 700 bytes
6d 65 73 73 61 67 65 20 32 33 00 00 00 00 00 00 	message 23......
00 00 00 00 00 00 00 00 00 00 00 00 00 00 00 00 	................
00 00 00 00 00 00 00 00 00 00 00 00 00 00 00 00 	................
00 00 00 00 00 00 00 00 00 00 00 00 00 00 00 00 	................
00 00 00 00 00 00 00 00 00 00 00 00 00 00 00 00 	................
00 00 00 00 00 00 00 00 00 00 00 00 00 00 00 00 	................
00 00 00 00 00 00 00 00 00 00 00 00 00 00 00 00 	................
00 00 00 00 00 00 00 00 00 00 00 00 00 00 00 00 	................
00 00 00 00 00 00 00 00 00 00 00 00 00 00 00 00 	................
00 00 00 00 00 00 00 00 00 00 00 00 00 00 00 00 	................
00 00 00 00 00 00 00 00 00 00 00 00 00 00 00 00 	................
00 00 00 00 00 00 00 00 00 00 00 00 00 00 00 00 	................
00 00 00 00 00 00 00 00 00 00 00 00 00 00 00 00 	................
00 00 00 00 00 00 00 00 00 00 00 00 00 00 00 00 	................
00 00 00 00 00 00 00 00 00 00 00 00 00 00 00 00 	................
00 00 00 00 00 00 00 00 00 00 00 00 00 00 00 00 	................
00 00 00 00 00 00 00 00 00 00 00 00 00 00 00 00 	................
00 00 00 00 00 00 00 00 00 00 00 00 00 00 00 00 	................
00 00 00 00 00 00 00 00 00 00 00 00 00 00 00 00 	................
00 00 00 00 00 00 00 00 00 00 00 00 00 00 00 00 	................
00 00 00 00 00 00 00 00 00 00 00 00 00 00 00 00 	................
00 00 00 00 00 00 00 00 00 00 00 00 00 00 00 00 	................
00 00 00 00 00 00 00 00 00 00 00 00 00 00 00 00 	................
00 00 00 00 00 00 00 00 00 00 00 00 00 00 00 00 	................
00 00 00 00 00 00 00 00 00 00 00 00 00 00 00 00 	................
00 00 00 00 00 00 00 00 00 00 00 00 00 00 00 00 	................
00 00 00 00 00 00 00 00 00 00 00 00 00 00 00 00 	................
00 00 00 00 00 00 00 00 00 00 00 00 00 00 00 00 	................
00 00 00 00 00 00 00 00 00 00 00 00 00 00 00 00 	................
00 00 00 00 00 00 00 00 00 00 00 00 00 00 00 00 	................
00 00 00 00 00 00 00 00 00 00 00 00 00 00 00 00 	................
00 00 00 00 00 00 00 00 00 00 00 00 00 00 00 00 	................
00 00 00 00 00 00 00 00 00 00 00 00 00 00 00 00 	................
00 00 00 00 00 00 00 00 00 00 00 00 00 00 00 00 	................
00 00 00 00 00 00 00 00 00 00 00 00 00 00 00 00 	................
00 00 00 00 00 00 00 00 00 00 00 00 00 00 00 00 	................
00 00 00 00 00 00 00 00 00 00 00 00 00 00 00 00 	................
00 00 00 00 00 00 00 00 00 00 00 00 00 00 00 00 	................
00 00 00 00 00 00 00 00 00 00 00 00 00 00 00 00 	................
00 00 00 00 00 00 00 00 00 00 00 00 00 00 00 00 	................
00 00 00 00 00 00 00 00 00 00 00 00 00 00 00 00 	................
00 00 00 00 00 00 00 00 00 00 00 00 00 00 00 00 	................
00 00 00 00 00 00 00 00 00 00 00 00 00 00 00 00 	................
00 00 00 00 00 00 00 00 00 00 00 00             	............    
1     secs.  0.0009998 Kmsgs/sec.  5.599 Kbps
[topic1][LBTRM:10.29.4.105:14393:1599718b:239.101.3.3:14400[2022392472]][24], 700 bytes
6d 65 73 73 61 67 65 20 32 34 00 00 00 00 00 00 	message 24......
00 00 00 00 00 00 00 00 00 00 00 00 00 00 00 00 	................
00 00 00 00 00 00 00 00 00 00 00 00 00 00 00 00 	................
00 00 00 00 00 00 00 00 00 00 00 00 00 00 00 00 	................
00 00 00 00 00 00 00 00 00 00 00 00 00 00 00 00 	................
00 00 00 00 00 00 00 00 00 00 00 00 00 00 00 00 	................
00 00 00 00 00 00 00 00 00 00 00 00 00 00 00 00 	................
00 00 00 00 00 00 00 00 00 00 00 00 00 00 00 00 	................
00 00 00 00 00 00 00 00 00 00 00 00 00 00 00 00 	................
00 00 00 00 00 00 00 00 00 00 00 00 00 00 00 00 	................
00 00 00 00 00 00 00 00 00 00 00 00 00 00 00 00 	................
00 00 00 00 00 00 00 00 00 00 00 00 00 00 00 00 	................
00 00 00 00 00 00 00 00 00 00 00 00 00 00 00 00 	................
00 00 00 00 00 00 00 00 00 00 00 00 00 00 00 00 	................
00 00 00 00 00 00 00 00 00 00 00 00 00 00 00 00 	................
00 00 00 00 00 00 00 00 00 00 00 00 00 00 00 00 	................
00 00 00 00 00 00 00 00 00 00 00 00 00 00 00 00 	................
00 00 00 00 00 00 00 00 00 00 00 00 00 00 00 00 	................
00 00 00 00 00 00 00 00 00 00 00 00 00 00 00 00 	................
00 00 00 00 00 00 00 00 00 00 00 00 00 00 00 00 	................
00 00 00 00 00 00 00 00 00 00 00 00 00 00 00 00 	................
00 00 00 00 00 00 00 00 00 00 00 00 00 00 00 00 	................
00 00 00 00 00 00 00 00 00 00 00 00 00 00 00 00 	................
00 00 00 00 00 00 00 00 00 00 00 00 00 00 00 00 	................
00 00 00 00 00 00 00 00 00 00 00 00 00 00 00 00 	................
00 00 00 00 00 00 00 00 00 00 00 00 00 00 00 00 	................
00 00 00 00 00 00 00 00 00 00 00 00 00 00 00 00 	................
00 00 00 00 00 00 00 00 00 00 00 00 00 00 00 00 	................
00 00 00 00 00 00 00 00 00 00 00 00 00 00 00 00 	................
00 00 00 00 00 00 00 00 00 00 00 00 00 00 00 00 	................
00 00 00 00 00 00 00 00 00 00 00 00 00 00 00 00 	................
00 00 00 00 00 00 00 00 00 00 00 00 00 00 00 00 	................
00 00 00 00 00 00 00 00 00 00 00 00 00 00 00 00 	................
00 00 00 00 00 00 00 00 00 00 00 00 00 00 00 00 	................
00 00 00 00 00 00 00 00 00 00 00 00 00 00 00 00 	................
00 00 00 00 00 00 00 00 00 00 00 00 00 00 00 00 	................
00 00 00 00 00 00 00 00 00 00 00 00 00 00 00 00 	................
00 00 00 00 00 00 00 00 00 00 00 00 00 00 00 00 	................
00 00 00 00 00 00 00 00 00 00 00 00 00 00 00 00 	................
00 00 00 00 00 00 00 00 00 00 00 00 00 00 00 00 	................
00 00 00 00 00 00 00 00 00 00 00 00 00 00 00 00 	................
00 00 00 00 00 00 00 00 00 00 00 00 00 00 00 00 	................
00 00 00 00 00 00 00 00 00 00 00 00 00 00 00 00 	................
00 00 00 00 00 00 00 00 00 00 00 00             	............    
1     secs.  0.0009996 Kmsgs/sec.  5.598 Kbps
[topic1][LBTRM:10.29.4.105:14393:1599718b:239.101.3.3:14400[2022392472]][25], 700 bytes
6d 65 73 73 61 67 65 20 32 35 00 00 00 00 00 00 	message 25......
00 00 00 00 00 00 00 00 00 00 00 00 00 00 00 00 	................
00 00 00 00 00 00 00 00 00 00 00 00 00 00 00 00 	................
00 00 00 00 00 00 00 00 00 00 00 00 00 00 00 00 	................
00 00 00 00 00 00 00 00 00 00 00 00 00 00 00 00 	................
00 00 00 00 00 00 00 00 00 00 00 00 00 00 00 00 	................
00 00 00 00 00 00 00 00 00 00 00 00 00 00 00 00 	................
00 00 00 00 00 00 00 00 00 00 00 00 00 00 00 00 	................
00 00 00 00 00 00 00 00 00 00 00 00 00 00 00 00 	................
00 00 00 00 00 00 00 00 00 00 00 00 00 00 00 00 	................
00 00 00 00 00 00 00 00 00 00 00 00 00 00 00 00 	................
00 00 00 00 00 00 00 00 00 00 00 00 00 00 00 00 	................
00 00 00 00 00 00 00 00 00 00 00 00 00 00 00 00 	................
00 00 00 00 00 00 00 00 00 00 00 00 00 00 00 00 	................
00 00 00 00 00 00 00 00 00 00 00 00 00 00 00 00 	................
00 00 00 00 00 00 00 00 00 00 00 00 00 00 00 00 	................
00 00 00 00 00 00 00 00 00 00 00 00 00 00 00 00 	................
00 00 00 00 00 00 00 00 00 00 00 00 00 00 00 00 	................
00 00 00 00 00 00 00 00 00 00 00 00 00 00 00 00 	................
00 00 00 00 00 00 00 00 00 00 00 00 00 00 00 00 	................
00 00 00 00 00 00 00 00 00 00 00 00 00 00 00 00 	................
00 00 00 00 00 00 00 00 00 00 00 00 00 00 00 00 	................
00 00 00 00 00 00 00 00 00 00 00 00 00 00 00 00 	................
00 00 00 00 00 00 00 00 00 00 00 00 00 00 00 00 	................
00 00 00 00 00 00 00 00 00 00 00 00 00 00 00 00 	................
00 00 00 00 00 00 00 00 00 00 00 00 00 00 00 00 	................
00 00 00 00 00 00 00 00 00 00 00 00 00 00 00 00 	................
00 00 00 00 00 00 00 00 00 00 00 00 00 00 00 00 	................
00 00 00 00 00 00 00 00 00 00 00 00 00 00 00 00 	................
00 00 00 00 00 00 00 00 00 00 00 00 00 00 00 00 	................
00 00 00 00 00 00 00 00 00 00 00 00 00 00 00 00 	................
00 00 00 00 00 00 00 00 00 00 00 00 00 00 00 00 	................
00 00 00 00 00 00 00 00 00 00 00 00 00 00 00 00 	................
00 00 00 00 00 00 00 00 00 00 00 00 00 00 00 00 	................
00 00 00 00 00 00 00 00 00 00 00 00 00 00 00 00 	................
00 00 00 00 00 00 00 00 00 00 00 00 00 00 00 00 	................
00 00 00 00 00 00 00 00 00 00 00 00 00 00 00 00 	................
00 00 00 00 00 00 00 00 00 00 00 00 00 00 00 00 	................
00 00 00 00 00 00 00 00 00 00 00 00 00 00 00 00 	................
00 00 00 00 00 00 00 00 00 00 00 00 00 00 00 00 	................
00 00 00 00 00 00 00 00 00 00 00 00 00 00 00 00 	................
00 00 00 00 00 00 00 00 00 00 00 00 00 00 00 00 	................
00 00 00 00 00 00 00 00 00 00 00 00 00 00 00 00 	................
00 00 00 00 00 00 00 00 00 00 00 00             	............    
1     secs.  0.0009999 Kmsgs/sec.  5.599 Kbps
[topic1][LBTRM:10.29.4.105:14393:1599718b:239.101.3.3:14400[2022392472]][26], 700 bytes
6d 65 73 73 61 67 65 20 32 36 00 00 00 00 00 00 	message 26......
00 00 00 00 00 00 00 00 00 00 00 00 00 00 00 00 	................
00 00 00 00 00 00 00 00 00 00 00 00 00 00 00 00 	................
00 00 00 00 00 00 00 00 00 00 00 00 00 00 00 00 	................
00 00 00 00 00 00 00 00 00 00 00 00 00 00 00 00 	................
00 00 00 00 00 00 00 00 00 00 00 00 00 00 00 00 	................
00 00 00 00 00 00 00 00 00 00 00 00 00 00 00 00 	................
00 00 00 00 00 00 00 00 00 00 00 00 00 00 00 00 	................
00 00 00 00 00 00 00 00 00 00 00 00 00 00 00 00 	................
00 00 00 00 00 00 00 00 00 00 00 00 00 00 00 00 	................
00 00 00 00 00 00 00 00 00 00 00 00 00 00 00 00 	................
00 00 00 00 00 00 00 00 00 00 00 00 00 00 00 00 	................
00 00 00 00 00 00 00 00 00 00 00 00 00 00 00 00 	................
00 00 00 00 00 00 00 00 00 00 00 00 00 00 00 00 	................
00 00 00 00 00 00 00 00 00 00 00 00 00 00 00 00 	................
00 00 00 00 00 00 00 00 00 00 00 00 00 00 00 00 	................
00 00 00 00 00 00 00 00 00 00 00 00 00 00 00 00 	................
00 00 00 00 00 00 00 00 00 00 00 00 00 00 00 00 	................
00 00 00 00 00 00 00 00 00 00 00 00 00 00 00 00 	................
00 00 00 00 00 00 00 00 00 00 00 00 00 00 00 00 	................
00 00 00 00 00 00 00 00 00 00 00 00 00 00 00 00 	................
00 00 00 00 00 00 00 00 00 00 00 00 00 00 00 00 	................
00 00 00 00 00 00 00 00 00 00 00 00 00 00 00 00 	................
00 00 00 00 00 00 00 00 00 00 00 00 00 00 00 00 	................
00 00 00 00 00 00 00 00 00 00 00 00 00 00 00 00 	................
00 00 00 00 00 00 00 00 00 00 00 00 00 00 00 00 	................
00 00 00 00 00 00 00 00 00 00 00 00 00 00 00 00 	................
00 00 00 00 00 00 00 00 00 00 00 00 00 00 00 00 	................
00 00 00 00 00 00 00 00 00 00 00 00 00 00 00 00 	................
00 00 00 00 00 00 00 00 00 00 00 00 00 00 00 00 	................
00 00 00 00 00 00 00 00 00 00 00 00 00 00 00 00 	................
00 00 00 00 00 00 00 00 00 00 00 00 00 00 00 00 	................
00 00 00 00 00 00 00 00 00 00 00 00 00 00 00 00 	................
00 00 00 00 00 00 00 00 00 00 00 00 00 00 00 00 	................
00 00 00 00 00 00 00 00 00 00 00 00 00 00 00 00 	................
00 00 00 00 00 00 00 00 00 00 00 00 00 00 00 00 	................
00 00 00 00 00 00 00 00 00 00 00 00 00 00 00 00 	................
00 00 00 00 00 00 00 00 00 00 00 00 00 00 00 00 	................
00 00 00 00 00 00 00 00 00 00 00 00 00 00 00 00 	................
00 00 00 00 00 00 00 00 00 00 00 00 00 00 00 00 	................
00 00 00 00 00 00 00 00 00 00 00 00 00 00 00 00 	................
00 00 00 00 00 00 00 00 00 00 00 00 00 00 00 00 	................
00 00 00 00 00 00 00 00 00 00 00 00 00 00 00 00 	................
00 00 00 00 00 00 00 00 00 00 00 00             	............    
1     secs.  0.0009997 Kmsgs/sec.  5.599 Kbps
[topic1][LBTRM:10.29.4.105:14393:1599718b:239.101.3.3:14400[2022392472]][27], 700 bytes
6d 65 73 73 61 67 65 20 32 37 00 00 00 00 00 00 	message 27......
00 00 00 00 00 00 00 00 00 00 00 00 00 00 00 00 	................
00 00 00 00 00 00 00 00 00 00 00 00 00 00 00 00 	................
00 00 00 00 00 00 00 00 00 00 00 00 00 00 00 00 	................
00 00 00 00 00 00 00 00 00 00 00 00 00 00 00 00 	................
00 00 00 00 00 00 00 00 00 00 00 00 00 00 00 00 	................
00 00 00 00 00 00 00 00 00 00 00 00 00 00 00 00 	................
00 00 00 00 00 00 00 00 00 00 00 00 00 00 00 00 	................
00 00 00 00 00 00 00 00 00 00 00 00 00 00 00 00 	................
00 00 00 00 00 00 00 00 00 00 00 00 00 00 00 00 	................
00 00 00 00 00 00 00 00 00 00 00 00 00 00 00 00 	................
00 00 00 00 00 00 00 00 00 00 00 00 00 00 00 00 	................
00 00 00 00 00 00 00 00 00 00 00 00 00 00 00 00 	................
00 00 00 00 00 00 00 00 00 00 00 00 00 00 00 00 	................
00 00 00 00 00 00 00 00 00 00 00 00 00 00 00 00 	................
00 00 00 00 00 00 00 00 00 00 00 00 00 00 00 00 	................
00 00 00 00 00 00 00 00 00 00 00 00 00 00 00 00 	................
00 00 00 00 00 00 00 00 00 00 00 00 00 00 00 00 	................
00 00 00 00 00 00 00 00 00 00 00 00 00 00 00 00 	................
00 00 00 00 00 00 00 00 00 00 00 00 00 00 00 00 	................
00 00 00 00 00 00 00 00 00 00 00 00 00 00 00 00 	................
00 00 00 00 00 00 00 00 00 00 00 00 00 00 00 00 	................
00 00 00 00 00 00 00 00 00 00 00 00 00 00 00 00 	................
00 00 00 00 00 00 00 00 00 00 00 00 00 00 00 00 	................
00 00 00 00 00 00 00 00 00 00 00 00 00 00 00 00 	................
00 00 00 00 00 00 00 00 00 00 00 00 00 00 00 00 	................
00 00 00 00 00 00 00 00 00 00 00 00 00 00 00 00 	................
00 00 00 00 00 00 00 00 00 00 00 00 00 00 00 00 	................
00 00 00 00 00 00 00 00 00 00 00 00 00 00 00 00 	................
00 00 00 00 00 00 00 00 00 00 00 00 00 00 00 00 	................
00 00 00 00 00 00 00 00 00 00 00 00 00 00 00 00 	................
00 00 00 00 00 00 00 00 00 00 00 00 00 00 00 00 	................
00 00 00 00 00 00 00 00 00 00 00 00 00 00 00 00 	................
00 00 00 00 00 00 00 00 00 00 00 00 00 00 00 00 	................
00 00 00 00 00 00 00 00 00 00 00 00 00 00 00 00 	................
00 00 00 00 00 00 00 00 00 00 00 00 00 00 00 00 	................
00 00 00 00 00 00 00 00 00 00 00 00 00 00 00 00 	................
00 00 00 00 00 00 00 00 00 00 00 00 00 00 00 00 	................
00 00 00 00 00 00 00 00 00 00 00 00 00 00 00 00 	................
00 00 00 00 00 00 00 00 00 00 00 00 00 00 00 00 	................
00 00 00 00 00 00 00 00 00 00 00 00 00 00 00 00 	................
00 00 00 00 00 00 00 00 00 00 00 00 00 00 00 00 	................
00 00 00 00 00 00 00 00 00 00 00 00 00 00 00 00 	................
00 00 00 00 00 00 00 00 00 00 00 00             	............    
1     secs.  0.001 Kmsgs/sec.  5.6   Kbps
[topic1][LBTRM:10.29.4.105:14393:1599718b:239.101.3.3:14400[2022392472]][28], 700 bytes
6d 65 73 73 61 67 65 20 32 38 00 00 00 00 00 00 	message 28......
00 00 00 00 00 00 00 00 00 00 00 00 00 00 00 00 	................
00 00 00 00 00 00 00 00 00 00 00 00 00 00 00 00 	................
00 00 00 00 00 00 00 00 00 00 00 00 00 00 00 00 	................
00 00 00 00 00 00 00 00 00 00 00 00 00 00 00 00 	................
00 00 00 00 00 00 00 00 00 00 00 00 00 00 00 00 	................
00 00 00 00 00 00 00 00 00 00 00 00 00 00 00 00 	................
00 00 00 00 00 00 00 00 00 00 00 00 00 00 00 00 	................
00 00 00 00 00 00 00 00 00 00 00 00 00 00 00 00 	................
00 00 00 00 00 00 00 00 00 00 00 00 00 00 00 00 	................
00 00 00 00 00 00 00 00 00 00 00 00 00 00 00 00 	................
00 00 00 00 00 00 00 00 00 00 00 00 00 00 00 00 	................
00 00 00 00 00 00 00 00 00 00 00 00 00 00 00 00 	................
00 00 00 00 00 00 00 00 00 00 00 00 00 00 00 00 	................
00 00 00 00 00 00 00 00 00 00 00 00 00 00 00 00 	................
00 00 00 00 00 00 00 00 00 00 00 00 00 00 00 00 	................
00 00 00 00 00 00 00 00 00 00 00 00 00 00 00 00 	................
00 00 00 00 00 00 00 00 00 00 00 00 00 00 00 00 	................
00 00 00 00 00 00 00 00 00 00 00 00 00 00 00 00 	................
00 00 00 00 00 00 00 00 00 00 00 00 00 00 00 00 	................
00 00 00 00 00 00 00 00 00 00 00 00 00 00 00 00 	................
00 00 00 00 00 00 00 00 00 00 00 00 00 00 00 00 	................
00 00 00 00 00 00 00 00 00 00 00 00 00 00 00 00 	................
00 00 00 00 00 00 00 00 00 00 00 00 00 00 00 00 	................
00 00 00 00 00 00 00 00 00 00 00 00 00 00 00 00 	................
00 00 00 00 00 00 00 00 00 00 00 00 00 00 00 00 	................
00 00 00 00 00 00 00 00 00 00 00 00 00 00 00 00 	................
00 00 00 00 00 00 00 00 00 00 00 00 00 00 00 00 	................
00 00 00 00 00 00 00 00 00 00 00 00 00 00 00 00 	................
00 00 00 00 00 00 00 00 00 00 00 00 00 00 00 00 	................
00 00 00 00 00 00 00 00 00 00 00 00 00 00 00 00 	................
00 00 00 00 00 00 00 00 00 00 00 00 00 00 00 00 	................
00 00 00 00 00 00 00 00 00 00 00 00 00 00 00 00 	................
00 00 00 00 00 00 00 00 00 00 00 00 00 00 00 00 	................
00 00 00 00 00 00 00 00 00 00 00 00 00 00 00 00 	................
00 00 00 00 00 00 00 00 00 00 00 00 00 00 00 00 	................
00 00 00 00 00 00 00 00 00 00 00 00 00 00 00 00 	................
00 00 00 00 00 00 00 00 00 00 00 00 00 00 00 00 	................
00 00 00 00 00 00 00 00 00 00 00 00 00 00 00 00 	................
00 00 00 00 00 00 00 00 00 00 00 00 00 00 00 00 	................
00 00 00 00 00 00 00 00 00 00 00 00 00 00 00 00 	................
00 00 00 00 00 00 00 00 00 00 00 00 00 00 00 00 	................
00 00 00 00 00 00 00 00 00 00 00 00 00 00 00 00 	................
00 00 00 00 00 00 00 00 00 00 00 00             	............    
1     secs.  0.0009998 Kmsgs/sec.  5.599 Kbps
[topic1][LBTRM:10.29.4.105:14393:1599718b:239.101.3.3:14400[2022392472]][29], 700 bytes
6d 65 73 73 61 67 65 20 32 39 00 00 00 00 00 00 	message 29......
00 00 00 00 00 00 00 00 00 00 00 00 00 00 00 00 	................
00 00 00 00 00 00 00 00 00 00 00 00 00 00 00 00 	................
00 00 00 00 00 00 00 00 00 00 00 00 00 00 00 00 	................
00 00 00 00 00 00 00 00 00 00 00 00 00 00 00 00 	................
00 00 00 00 00 00 00 00 00 00 00 00 00 00 00 00 	................
00 00 00 00 00 00 00 00 00 00 00 00 00 00 00 00 	................
00 00 00 00 00 00 00 00 00 00 00 00 00 00 00 