Allowing 100000 in-flight message(s).
Group None: Number of Stores 1
 Store 0: "store_topic1" 
Not using UME Late Join.
Not using UME Confirmed Delivery Notification.
Using UME Message Stability Notification.  Will not display events. 
LOG Level 7: Core-10403-150: Context (0x27fca90) created: ContextID (0x64c0d601), ContextName [29west_statistics_context], Context Instance (0xacc1df2cd5a1a07a)
LOG Level 7: Core-10403-151: Reactor Only Context (0x28810a0) created with ContextID (0x11d30d94) and ContextName [(NULL)]
LOG Level 7: Core-10403-150: Context (0x270ed70) created: ContextID (0x3af72689), ContextName [], Context Instance (0x8d6883de573c3215)
LOG Level 7: Core-10403-08: SRS Controller Connection (0x2712e60) SID (0xbdde2e94) received the initial connection from the Server (10.29.4.105:12601) Local Addr (10.29.4.105:45249) for ContextID (989275785)
LOG Level 7: Core-5688-2986: INFO: Source "topic1" Late Join not set, but UME store and/or UMQ queue specified. Setting Late Join.
Delaying for 1 second
LOG Level 7: Core-6259-2: Route discovered to Domain ID 2 through 10.29.4.105:14392 route index: 0
LOG Level 7: Core-10403-34: Domain ID discovered via SRS Controller (0x27613a0); context resides in Domain ID 1.
Sending 30 messages of size 700 bytes to topic [topic1]
Send unsuccessful. Waiting...
Send unsuccessful. Waiting...
UME store 0: 0:10.29.4.105:12801 registration success. RegID 4228464808. Flags 0x0 
UME registration complete. SQN 0. Flags 0x0 
Send OK. Continuing.
Sent 30 messages of size 700 bytes in 32.01 seconds.
32.01 secs. 0.0009373 Kmsgs/sec. 5.249 Kbps
LBT-RM, sent 53/23964, txw 53/23964, naks 0/0, ignored 0/0, shed 0, rxs 0, rctlr 0/0, app sent 30 stable 30 inflight 0
Lingering for 6 seconds...
Deleting source
Deleting context
